Archive member included to satisfy reference by file (symbol)

c:/st/stm32cubeide_1.12.0/stm32cubeide/plugins/com.st.stm32cube.ide.mcu.externaltools.gnu-tools-for-stm32.10.3-2021.10.win32_1.0.200.202301161003/tools/bin/../lib/gcc/arm-none-eabi/10.3.1/../../../../arm-none-eabi/lib/thumb/v7e-m+fp/hard\libc_nano.a(lib_a-errno.o)
                              ./Application/User/Core/syscalls.o (__errno)
c:/st/stm32cubeide_1.12.0/stm32cubeide/plugins/com.st.stm32cube.ide.mcu.externaltools.gnu-tools-for-stm32.10.3-2021.10.win32_1.0.200.202301161003/tools/bin/../lib/gcc/arm-none-eabi/10.3.1/../../../../arm-none-eabi/lib/thumb/v7e-m+fp/hard\libc_nano.a(lib_a-exit.o)
                              c:/st/stm32cubeide_1.12.0/stm32cubeide/plugins/com.st.stm32cube.ide.mcu.externaltools.gnu-tools-for-stm32.10.3-2021.10.win32_1.0.200.202301161003/tools/bin/../lib/gcc/arm-none-eabi/10.3.1/../../../../arm-none-eabi/lib/thumb/v7e-m+fp/hard/crt0.o (exit)
c:/st/stm32cubeide_1.12.0/stm32cubeide/plugins/com.st.stm32cube.ide.mcu.externaltools.gnu-tools-for-stm32.10.3-2021.10.win32_1.0.200.202301161003/tools/bin/../lib/gcc/arm-none-eabi/10.3.1/../../../../arm-none-eabi/lib/thumb/v7e-m+fp/hard\libc_nano.a(lib_a-findfp.o)
                              ./Middlewares/FreeRTOS/tasks.o (__sf_fake_stderr)
c:/st/stm32cubeide_1.12.0/stm32cubeide/plugins/com.st.stm32cube.ide.mcu.externaltools.gnu-tools-for-stm32.10.3-2021.10.win32_1.0.200.202301161003/tools/bin/../lib/gcc/arm-none-eabi/10.3.1/../../../../arm-none-eabi/lib/thumb/v7e-m+fp/hard\libc_nano.a(lib_a-fwalk.o)
                              c:/st/stm32cubeide_1.12.0/stm32cubeide/plugins/com.st.stm32cube.ide.mcu.externaltools.gnu-tools-for-stm32.10.3-2021.10.win32_1.0.200.202301161003/tools/bin/../lib/gcc/arm-none-eabi/10.3.1/../../../../arm-none-eabi/lib/thumb/v7e-m+fp/hard\libc_nano.a(lib_a-findfp.o) (_fwalk)
c:/st/stm32cubeide_1.12.0/stm32cubeide/plugins/com.st.stm32cube.ide.mcu.externaltools.gnu-tools-for-stm32.10.3-2021.10.win32_1.0.200.202301161003/tools/bin/../lib/gcc/arm-none-eabi/10.3.1/../../../../arm-none-eabi/lib/thumb/v7e-m+fp/hard\libc_nano.a(lib_a-impure.o)
                              c:/st/stm32cubeide_1.12.0/stm32cubeide/plugins/com.st.stm32cube.ide.mcu.externaltools.gnu-tools-for-stm32.10.3-2021.10.win32_1.0.200.202301161003/tools/bin/../lib/gcc/arm-none-eabi/10.3.1/../../../../arm-none-eabi/lib/thumb/v7e-m+fp/hard\libc_nano.a(lib_a-exit.o) (_global_impure_ptr)
c:/st/stm32cubeide_1.12.0/stm32cubeide/plugins/com.st.stm32cube.ide.mcu.externaltools.gnu-tools-for-stm32.10.3-2021.10.win32_1.0.200.202301161003/tools/bin/../lib/gcc/arm-none-eabi/10.3.1/../../../../arm-none-eabi/lib/thumb/v7e-m+fp/hard\libc_nano.a(lib_a-init.o)
                              c:/st/stm32cubeide_1.12.0/stm32cubeide/plugins/com.st.stm32cube.ide.mcu.externaltools.gnu-tools-for-stm32.10.3-2021.10.win32_1.0.200.202301161003/tools/bin/../lib/gcc/arm-none-eabi/10.3.1/../../../../arm-none-eabi/lib/thumb/v7e-m+fp/hard/crt0.o (__libc_init_array)
c:/st/stm32cubeide_1.12.0/stm32cubeide/plugins/com.st.stm32cube.ide.mcu.externaltools.gnu-tools-for-stm32.10.3-2021.10.win32_1.0.200.202301161003/tools/bin/../lib/gcc/arm-none-eabi/10.3.1/../../../../arm-none-eabi/lib/thumb/v7e-m+fp/hard\libc_nano.a(lib_a-lock.o)
                              c:/st/stm32cubeide_1.12.0/stm32cubeide/plugins/com.st.stm32cube.ide.mcu.externaltools.gnu-tools-for-stm32.10.3-2021.10.win32_1.0.200.202301161003/tools/bin/../lib/gcc/arm-none-eabi/10.3.1/../../../../arm-none-eabi/lib/thumb/v7e-m+fp/hard\libc_nano.a(lib_a-findfp.o) (__retarget_lock_init_recursive)
c:/st/stm32cubeide_1.12.0/stm32cubeide/plugins/com.st.stm32cube.ide.mcu.externaltools.gnu-tools-for-stm32.10.3-2021.10.win32_1.0.200.202301161003/tools/bin/../lib/gcc/arm-none-eabi/10.3.1/../../../../arm-none-eabi/lib/thumb/v7e-m+fp/hard\libc_nano.a(lib_a-memcpy-stub.o)
                              ./Middlewares/FreeRTOS/cmsis_os2.o (memcpy)
c:/st/stm32cubeide_1.12.0/stm32cubeide/plugins/com.st.stm32cube.ide.mcu.externaltools.gnu-tools-for-stm32.10.3-2021.10.win32_1.0.200.202301161003/tools/bin/../lib/gcc/arm-none-eabi/10.3.1/../../../../arm-none-eabi/lib/thumb/v7e-m+fp/hard\libc_nano.a(lib_a-memset.o)
                              c:/st/stm32cubeide_1.12.0/stm32cubeide/plugins/com.st.stm32cube.ide.mcu.externaltools.gnu-tools-for-stm32.10.3-2021.10.win32_1.0.200.202301161003/tools/bin/../lib/gcc/arm-none-eabi/10.3.1/../../../../arm-none-eabi/lib/thumb/v7e-m+fp/hard/crt0.o (memset)
c:/st/stm32cubeide_1.12.0/stm32cubeide/plugins/com.st.stm32cube.ide.mcu.externaltools.gnu-tools-for-stm32.10.3-2021.10.win32_1.0.200.202301161003/tools/bin/../lib/gcc/arm-none-eabi/10.3.1/../../../../arm-none-eabi/lib/thumb/v7e-m+fp/hard\libc_nano.a(lib_a-nano-mallocr.o)
[...]
Memory Configuration

Name             Origin             Length             Attributes
RAM              0x0000000020000000 0x0000000000020000 xrw
FLASH            0x0000000008000000 0x0000000000080000 xr
*default*        0x0000000000000000 0xffffffffffffffff

Linker script and memory map

LOAD c:/st/stm32cubeide_1.12.0/stm32cubeide/plugins/com.st.stm32cube.ide.mcu.externaltools.gnu-tools-for-stm32.10.3-2021.10.win32_1.0.200.202301161003/tools/bin/../lib/gcc/arm-none-eabi/10.3.1/thumb/v7e-m+fp/hard/crti.o
LOAD c:/st/stm32cubeide_1.12.0/stm32cubeide/plugins/com.st.stm32cube.ide.mcu.externaltools.gnu-tools-for-stm32.10.3-2021.10.win32_1.0.200.202301161003/tools/bin/../lib/gcc/arm-none-eabi/10.3.1/thumb/v7e-m+fp/hard/crtbegin.o
LOAD c:/st/stm32cubeide_1.12.0/stm32cubeide/plugins/com.st.stm32cube.ide.mcu.externaltools.gnu-tools-for-stm32.10.3-2021.10.win32_1.0.200.202301161003/tools/bin/../lib/gcc/arm-none-eabi/10.3.1/../../../../arm-none-eabi/lib/thumb/v7e-m+fp/hard/crt0.o
LOAD ./Application/User/Core/app_freertos.o
LOAD ./Application/User/Core/gpio.o
LOAD ./Application/User/Core/iwdg.o
LOAD ./Application/User/Core/main.o
LOAD ./Application/User/Core/stm32g4xx_hal_msp.o
LOAD ./Application/User/Core/stm32g4xx_hal_timebase_tim.o
LOAD ./Application/User/Core/stm32g4xx_it.o
LOAD ./Application/User/Core/syscalls.o
LOAD ./Application/User/Core/sysmem.o
LOAD ./Application/User/Core/usart.o
LOAD ./Application/User/Startup/startup_stm32g474retx.o
LOAD ./Drivers/CMSIS/system_stm32g4xx.o
LOAD ./Drivers/STM32G4xx_HAL_Driver/stm32g4xx_hal.o
LOAD ./Drivers/STM32G4xx_HAL_Driver/stm32g4xx_hal_cortex.o
LOAD ./Drivers/STM32G4xx_HAL_Driver/stm32g4xx_hal_dma.o
LOAD ./Drivers/STM32G4xx_HAL_Driver/stm32g4xx_hal_dma_ex.o
LOAD ./Drivers/STM32G4xx_HAL_Driver/stm32g4xx_hal_exti.o
LOAD ./Drivers/STM32G4xx_HAL_Driver/stm32g4xx_hal_flash.o
LOAD ./Drivers/STM32G4xx_HAL_Driver/stm32g4xx_hal_flash_ex.o
LOAD ./Drivers/STM32G4xx_HAL_Driver/stm32g4xx_hal_flash_ramfunc.o
LOAD ./Drivers/STM32G4xx_HAL_Driver/stm32g4xx_hal_gpio.o
LOAD ./Drivers/STM32G4xx_HAL_Driver/stm32g4xx_hal_iwdg.o
LOAD ./Drivers/STM32G4xx_HAL_Driver/stm32g4xx_hal_pwr.o
LOAD ./Drivers/STM32G4xx_HAL_Driver/stm32g4xx_hal_pwr_ex.o
LOAD ./Drivers/STM32G4xx_HAL_Driver/stm32g4xx_hal_rcc.o
LOAD ./Drivers/STM32G4xx_HAL_Driver/stm32g4xx_hal_rcc_ex.o
LOAD ./Drivers/STM32G4xx_HAL_Driver/stm32g4xx_hal_tim.o
LOAD ./Drivers/STM32G4xx_HAL_Driver/stm32g4xx_hal_tim_ex.o
LOAD ./Drivers/STM32G4xx_HAL_Driver/stm32g4xx_hal_uart.o
LOAD ./Drivers/STM32G4xx_HAL_Driver/stm32g4xx_hal_uart_ex.o
LOAD ./Middlewares/FreeRTOS/cmsis_os2.o
LOAD ./Middlewares/FreeRTOS/croutine.o
LOAD ./Middlewares/FreeRTOS/event_groups.o
LOAD ./Middlewares/FreeRTOS/heap_4.o
LOAD ./Middlewares/FreeRTOS/list.o
LOAD ./Middlewares/FreeRTOS/port.o
LOAD ./Middlewares/FreeRTOS/queue.o
LOAD ./Middlewares/FreeRTOS/stream_buffer.o
LOAD ./Middlewares/FreeRTOS/tasks.o
LOAD ./Middlewares/FreeRTOS/timers.o
START GROUP
LOAD c:/st/stm32cubeide_1.12.0/stm32cubeide/plugins/com.st.stm32cube.ide.mcu.externaltools.gnu-tools-for-stm32.10.3-2021.10.win32_1.0.200.202301161003/tools/bin/../lib/gcc/arm-none-eabi/10.3.1/../../../../arm-none-eabi/lib/thumb/v7e-m+fp/hard\libc_nano.a
LOAD c:/st/stm32cubeide_1.12.0/stm32cubeide/plugins/com.st.stm32cube.ide.mcu.externaltools.gnu-tools-for-stm32.10.3-2021.10.win32_1.0.200.202301161003/tools/bin/../lib/gcc/arm-none-eabi/10.3.1/../../../../arm-none-eabi/lib/thumb/v7e-m+fp/hard\libm.a
END GROUP
START GROUP
LOAD c:/st/stm32cubeide_1.12.0/stm32cubeide/plugins/com.st.stm32cube.ide.mcu.externaltools.gnu-tools-for-stm32.10.3-2021.10.win32_1.0.200.202301161003/tools/bin/../lib/gcc/arm-none-eabi/10.3.1/thumb/v7e-m+fp/hard\libgcc.a
LOAD c:/st/stm32cubeide_1.12.0/stm32cubeide/plugins/com.st.stm32cube.ide.mcu.externaltools.gnu-tools-for-stm32.10.3-2021.10.win32_1.0.200.202301161003/tools/bin/../lib/gcc/arm-none-eabi/10.3.1/../../../../arm-none-eabi/lib/thumb/v7e-m+fp/hard\libc_nano.a
END GROUP
START GROUP
LOAD c:/st/stm32cubeide_1.12.0/stm32cubeide/plugins/com.st.stm32cube.ide.mcu.externaltools.gnu-tools-for-stm32.10.3-2021.10.win32_1.0.200.202301161003/tools/bin/../lib/gcc/arm-none-eabi/10.3.1/thumb/v7e-m+fp/hard\libgcc.a
LOAD c:/st/stm32cubeide_1.12.0/stm32cubeide/plugins/com.st.stm32cube.ide.mcu.externaltools.gnu-tools-for-stm32.10.3-2021.10.win32_1.0.200.202301161003/tools/bin/../lib/gcc/arm-none-eabi/10.3.1/../../../../arm-none-eabi/lib/thumb/v7e-m+fp/hard\libc_nano.a
LOAD c:/st/stm32cubeide_1.12.0/stm32cubeide/plugins/com.st.stm32cube.ide.mcu.externaltools.gnu-tools-for-stm32.10.3-2021.10.win32_1.0.200.202301161003/tools/bin/../lib/gcc/arm-none-eabi/10.3.1/../../../../arm-none-eabi/lib/thumb/v7e-m+fp/hard\libnosys.a
END GROUP
START GROUP
LOAD c:/st/stm32cubeide_1.12.0/stm32cubeide/plugins/com.st.stm32cube.ide.mcu.externaltools.gnu-tools-for-stm32.10.3-2021.10.win32_1.0.200.202301161003/tools/bin/../lib/gcc/arm-none-eabi/10.3.1/thumb/v7e-m+fp/hard\libgcc.a
LOAD c:/st/stm32cubeide_1.12.0/stm32cubeide/plugins/com.st.stm32cube.ide.mcu.externaltools.gnu-tools-for-stm32.10.3-2021.10.win32_1.0.200.202301161003/tools/bin/../lib/gcc/arm-none-eabi/10.3.1/../../../../arm-none-eabi/lib/thumb/v7e-m+fp/hard\libc_nano.a
LOAD c:/st/stm32cubeide_1.12.0/stm32cubeide/plugins/com.st.stm32cube.ide.mcu.externaltools.gnu-tools-for-stm32.10.3-2021.10.win32_1.0.200.202301161003/tools/bin/../lib/gcc/arm-none-eabi/10.3.1/../../../../arm-none-eabi/lib/thumb/v7e-m+fp/hard\libnosys.a
END GROUP
LOAD c:/st/stm32cubeide_1.12.0/stm32cubeide/plugins/com.st.stm32cube.ide.mcu.externaltools.gnu-tools-for-stm32.10.3-2021.10.win32_1.0.200.202301161003/tools/bin/../lib/gcc/arm-none-eabi/10.3.1/thumb/v7e-m+fp/hard/crtend.o
LOAD c:/st/stm32cubeide_1.12.0/stm32cubeide/plugins/com.st.stm32cube.ide.mcu.externaltools.gnu-tools-for-stm32.10.3-2021.10.win32_1.0.200.202301161003/tools/bin/../lib/gcc/arm-none-eabi/10.3.1/thumb/v7e-m+fp/hard/crtn.o
                0x0000000020020000                _estack = (ORIGIN (RAM) + LENGTH (RAM))
                0x0000000000000200                _Min_Heap_Size = 0x200
                0x0000000000000400                _Min_Stack_Size = 0x400

.isr_vector     0x0000000008000000      0x1d8
                0x0000000008000000                . = ALIGN (0x4)
 *(.isr_vector)
 .isr_vector    0x0000000008000000      0x1d8 ./Application/User/Startup/startup_stm32g474retx.o
                0x0000000008000000                g_pfnVectors
                0x00000000080001d8                . = ALIGN (0x4)

.text           0x00000000080001e0     0x7744
                0x00000000080001e0                . = ALIGN (0x4)
 *(.text)
 .text          0x00000000080001e0       0x40 c:/st/stm32cubeide_1.12.0/stm32cubeide/plugins/com.st.stm32cube.ide.mcu.externaltools.gnu-tools-for-stm32.10.3-2021.10.win32_1.0.200.202301161003/tools/bin/../lib/gcc/arm-none-eabi/10.3.1/thumb/v7e-m+fp/hard/crtbegin.o
 .text          0x0000000008000220       0x10 c:/st/stm32cubeide_1.12.0/stm32cubeide/plugins/com.st.stm32cube.ide.mcu.externaltools.gnu-tools-for-stm32.10.3-2021.10.win32_1.0.200.202301161003/tools/bin/../lib/gcc/arm-none-eabi/10.3.1/../../../../arm-none-eabi/lib/thumb/v7e-m+fp/hard\libc_nano.a(lib_a-strlen.o)
                0x0000000008000220                strlen
 .text          0x0000000008000230       0xa0 c:/st/stm32cubeide_1.12.0/stm32cubeide/plugins/com.st.stm32cube.ide.mcu.externaltools.gnu-tools-for-stm32.10.3-2021.10.win32_1.0.200.202301161003/tools/bin/../lib/gcc/arm-none-eabi/10.3.1/../../../../arm-none-eabi/lib/thumb/v7e-m+fp/hard\libc_nano.a(lib_a-memchr.o)
                0x0000000008000230                memchr
 .text          0x00000000080002d0       0x30 c:/st/stm32cubeide_1.12.0/stm32cubeide/plugins/com.st.stm32cube.ide.mcu.externaltools.gnu-tools-for-stm32.10.3-2021.10.win32_1.0.200.202301161003/tools/bin/../lib/gcc/arm-none-eabi/10.3.1/thumb/v7e-m+fp/hard\libgcc.a(_aeabi_uldivmod.o)
                0x00000000080002d0                __aeabi_uldivmod
 .text          0x0000000008000300      0x2d0 c:/st/stm32cubeide_1.12.0/stm32cubeide/plugins/com.st.stm32cube.ide.mcu.externaltools.gnu-tools-for-stm32.10.3-2021.10.win32_1.0.200.202301161003/tools/bin/../lib/gcc/arm-none-eabi/10.3.1/thumb/v7e-m+fp/hard\libgcc.a(_udivmoddi4.o)
                0x0000000008000300                __udivmoddi4
 .text          0x00000000080005d0        0x4 c:/st/stm32cubeide_1.12.0/stm32cubeide/plugins/com.st.stm32cube.ide.mcu.externaltools.gnu-tools-for-stm32.10.3-2021.10.win32_1.0.200.202301161003/tools/bin/../lib/gcc/arm-none-eabi/10.3.1/thumb/v7e-m+fp/hard\libgcc.a(_dvmd_tls.o)
                0x00000000080005d0                __aeabi_idiv0
                0x00000000080005d0                __aeabi_ldiv0
 *(.text*)
 .text.configureTimerForRunTimeStats
                0x00000000080005d4        0xe ./Application/User/Core/app_freertos.o
                0x00000000080005d4                configureTimerForRunTimeStats
 .text.getRunTimeCounterValue
                0x00000000080005e2        0xe ./Application/User/Core/app_freertos.o
                0x00000000080005e2                getRunTimeCounterValue
 .text.vApplicationMallocFailedHook
                0x00000000080005f0        0xe ./Application/User/Core/app_freertos.o
                0x00000000080005f0                vApplicationMallocFailedHook
 *fill*         0x00000000080005fe        0x2 
 .text.MX_FREERTOS_Init
                0x0000000008000600       0x94 ./Application/User/Core/app_freertos.o
                0x0000000008000600                MX_FREERTOS_Init
 .text.StartDefaultTask
                0x0000000008000694       0x68 ./Application/User/Core/app_freertos.o
                0x0000000008000694                StartDefaultTask
 .text.vRecieverLD2_Func
                0x00000000080006fc       0x24 ./Application/User/Core/app_freertos.o
                0x00000000080006fc                vRecieverLD2_Func
 .text._vReceiverYELLOW_Func
                0x0000000008000720       0x24 ./Application/User/Core/app_freertos.o
                0x0000000008000720                _vReceiverYELLOW_Func
 .text.Callback01
                0x0000000008000744       0x8c ./Application/User/Core/app_freertos.o
                0x0000000008000744                Callback01
 .text.MX_GPIO_Init
                0x00000000080007d0      0x118 ./Application/User/Core/gpio.o
                0x00000000080007d0                MX_GPIO_Init
 .text.MX_IWDG_Init
                0x00000000080008e8       0x3c ./Application/User/Core/iwdg.o
                0x00000000080008e8                MX_IWDG_Init
 .text.main     0x0000000008000924       0x26 ./Application/User/Core/main.o
                0x0000000008000924                main
 .text.SystemClock_Config
                0x000000000800094a       0x9c ./Application/User/Core/main.o
                0x000000000800094a                SystemClock_Config
 *fill*         0x00000000080009e6        0x2 
 .text.vPrintStringAndNumber
                0x00000000080009e8       0x40 ./Application/User/Core/main.o
                0x00000000080009e8                vPrintStringAndNumber
 .text.HAL_TIM_PeriodElapsedCallback
                0x0000000008000a28       0x24 ./Application/User/Core/main.o
                0x0000000008000a28                HAL_TIM_PeriodElapsedCallback
 .text.Error_Handler
                0x0000000008000a4c        0xa ./Application/User/Core/main.o
                0x0000000008000a4c                Error_Handler
 *fill*         0x0000000008000a56        0x2 
 .text.HAL_MspInit
                0x0000000008000a58       0x54 ./Application/User/Core/stm32g4xx_hal_msp.o
                0x0000000008000a58                HAL_MspInit
 .text.HAL_InitTick
                0x0000000008000aac       0xd8 ./Application/User/Core/stm32g4xx_hal_timebase_tim.o
                0x0000000008000aac                HAL_InitTick
 .text.NMI_Handler
                0x0000000008000b84        0x6 ./Application/User/Core/stm32g4xx_it.o
                0x0000000008000b84                NMI_Handler
 .text.HardFault_Handler
                0x0000000008000b8a        0x6 ./Application/User/Core/stm32g4xx_it.o
                0x0000000008000b8a                HardFault_Handler
 .text.MemManage_Handler
                0x0000000008000b90        0x6 ./Application/User/Core/stm32g4xx_it.o
                0x0000000008000b90                MemManage_Handler
 .text.BusFault_Handler
                0x0000000008000b96        0x6 ./Application/User/Core/stm32g4xx_it.o
                0x0000000008000b96                BusFault_Handler
 .text.UsageFault_Handler
                0x0000000008000b9c        0x6 ./Application/User/Core/stm32g4xx_it.o
                0x0000000008000b9c                UsageFault_Handler
 .text.DebugMon_Handler
                0x0000000008000ba2        0xe ./Application/User/Core/stm32g4xx_it.o
                0x0000000008000ba2                DebugMon_Handler
 .text.TIM1_TRG_COM_TIM17_IRQHandler
                0x0000000008000bb0       0x14 ./Application/User/Core/stm32g4xx_it.o
                0x0000000008000bb0                TIM1_TRG_COM_TIM17_IRQHandler
 .text._sbrk    0x0000000008000bc4       0x6c ./Application/User/Core/sysmem.o
                0x0000000008000bc4                _sbrk
 .text.MX_USART3_UART_Init
                0x0000000008000c30       0x98 ./Application/User/Core/usart.o
                0x0000000008000c30                MX_USART3_UART_Init
 .text.HAL_UART_MspInit
                0x0000000008000cc8       0xb4 ./Application/User/Core/usart.o
                0x0000000008000cc8                HAL_UART_MspInit
 .text.Reset_Handler
                0x0000000008000d7c       0x50 ./Application/User/Startup/startup_stm32g474retx.o
                0x0000000008000d7c                Reset_Handler
 .text.Default_Handler
                0x0000000008000dcc        0x2 ./Application/User/Startup/startup_stm32g474retx.o
                0x0000000008000dcc                RTC_Alarm_IRQHandler
                0x0000000008000dcc                EXTI2_IRQHandler
                0x0000000008000dcc                TIM8_TRG_COM_IRQHandler
                0x0000000008000dcc                TIM8_CC_IRQHandler
                0x0000000008000dcc                HRTIM1_Master_IRQHandler
                0x0000000008000dcc                SPI4_IRQHandler
                0x0000000008000dcc                FDCAN3_IT0_IRQHandler
                0x0000000008000dcc                TIM1_CC_IRQHandler
                0x0000000008000dcc                HRTIM1_FLT_IRQHandler
                0x0000000008000dcc                HRTIM1_TIMF_IRQHandler
                0x0000000008000dcc                USB_HP_IRQHandler
                0x0000000008000dcc                CORDIC_IRQHandler
                0x0000000008000dcc                HRTIM1_TIMD_IRQHandler
                0x0000000008000dcc                DMA2_Channel8_IRQHandler
                0x0000000008000dcc                EXTI3_IRQHandler
                0x0000000008000dcc                I2C3_ER_IRQHandler
                0x0000000008000dcc                EXTI0_IRQHandler
                0x0000000008000dcc                I2C2_EV_IRQHandler
                0x0000000008000dcc                FPU_IRQHandler
                0x0000000008000dcc                FDCAN1_IT1_IRQHandler
                0x0000000008000dcc                TIM1_UP_TIM16_IRQHandler
                0x0000000008000dcc                ADC1_2_IRQHandler
                0x0000000008000dcc                HRTIM1_TIME_IRQHandler
                0x0000000008000dcc                SPI1_IRQHandler
                0x0000000008000dcc                TIM6_DAC_IRQHandler
                0x0000000008000dcc                HRTIM1_TIMC_IRQHandler
                0x0000000008000dcc                TIM8_UP_IRQHandler
                0x0000000008000dcc                DMA2_Channel2_IRQHandler
                0x0000000008000dcc                DMA1_Channel4_IRQHandler
                0x0000000008000dcc                TIM20_TRG_COM_IRQHandler
                0x0000000008000dcc                USART3_IRQHandler
                0x0000000008000dcc                DMA1_Channel7_IRQHandler
                0x0000000008000dcc                UART5_IRQHandler
                0x0000000008000dcc                ADC3_IRQHandler
                0x0000000008000dcc                TIM4_IRQHandler
                0x0000000008000dcc                DMA2_Channel1_IRQHandler
                0x0000000008000dcc                QUADSPI_IRQHandler
                0x0000000008000dcc                I2C1_EV_IRQHandler
                0x0000000008000dcc                DMA1_Channel6_IRQHandler
                0x0000000008000dcc                UART4_IRQHandler
                0x0000000008000dcc                DMA2_Channel4_IRQHandler
                0x0000000008000dcc                TIM3_IRQHandler
                0x0000000008000dcc                RCC_IRQHandler
                0x0000000008000dcc                TIM20_UP_IRQHandler
                0x0000000008000dcc                DMA1_Channel1_IRQHandler
                0x0000000008000dcc                Default_Handler
                0x0000000008000dcc                DMA2_Channel7_IRQHandler
                0x0000000008000dcc                RTC_TAMP_LSECSS_IRQHandler
                0x0000000008000dcc                FMAC_IRQHandler
                0x0000000008000dcc                EXTI15_10_IRQHandler
                0x0000000008000dcc                DMA1_Channel8_IRQHandler
                0x0000000008000dcc                HRTIM1_TIMA_IRQHandler
                0x0000000008000dcc                TIM7_DAC_IRQHandler
                0x0000000008000dcc                FDCAN3_IT1_IRQHandler
                0x0000000008000dcc                TIM5_IRQHandler
                0x0000000008000dcc                UCPD1_IRQHandler
                0x0000000008000dcc                I2C3_EV_IRQHandler
                0x0000000008000dcc                EXTI9_5_IRQHandler
                0x0000000008000dcc                RTC_WKUP_IRQHandler
                0x0000000008000dcc                PVD_PVM_IRQHandler
                0x0000000008000dcc                SPI2_IRQHandler
                0x0000000008000dcc                ADC5_IRQHandler
                0x0000000008000dcc                DMA2_Channel5_IRQHandler
                0x0000000008000dcc                CRS_IRQHandler
                0x0000000008000dcc                DMA1_Channel5_IRQHandler
                0x0000000008000dcc                USB_LP_IRQHandler
                0x0000000008000dcc                EXTI4_IRQHandler
                0x0000000008000dcc                RNG_IRQHandler
                0x0000000008000dcc                HRTIM1_TIMB_IRQHandler
                0x0000000008000dcc                FDCAN2_IT1_IRQHandler
                0x0000000008000dcc                DMA1_Channel3_IRQHandler
                0x0000000008000dcc                ADC4_IRQHandler
                0x0000000008000dcc                WWDG_IRQHandler
                0x0000000008000dcc                I2C4_EV_IRQHandler
                0x0000000008000dcc                FDCAN2_IT0_IRQHandler
                0x0000000008000dcc                LPUART1_IRQHandler
                0x0000000008000dcc                DMA2_Channel6_IRQHandler
                0x0000000008000dcc                FDCAN1_IT0_IRQHandler
                0x0000000008000dcc                TIM2_IRQHandler
                0x0000000008000dcc                COMP7_IRQHandler
                0x0000000008000dcc                COMP1_2_3_IRQHandler
                0x0000000008000dcc                EXTI1_IRQHandler
                0x0000000008000dcc                USART2_IRQHandler
                0x0000000008000dcc                COMP4_5_6_IRQHandler
                0x0000000008000dcc                TIM20_BRK_IRQHandler
                0x0000000008000dcc                I2C2_ER_IRQHandler
                0x0000000008000dcc                DMA1_Channel2_IRQHandler
                0x0000000008000dcc                TIM8_BRK_IRQHandler
                0x0000000008000dcc                FLASH_IRQHandler
                0x0000000008000dcc                TIM20_CC_IRQHandler
                0x0000000008000dcc                USART1_IRQHandler
                0x0000000008000dcc                SPI3_IRQHandler
                0x0000000008000dcc                I2C1_ER_IRQHandler
                0x0000000008000dcc                FMC_IRQHandler
                0x0000000008000dcc                LPTIM1_IRQHandler
                0x0000000008000dcc                DMAMUX_OVR_IRQHandler
                0x0000000008000dcc                I2C4_ER_IRQHandler
                0x0000000008000dcc                USBWakeUp_IRQHandler
                0x0000000008000dcc                SAI1_IRQHandler
                0x0000000008000dcc                DMA2_Channel3_IRQHandler
                0x0000000008000dcc                TIM1_BRK_TIM15_IRQHandler
 *fill*         0x0000000008000dce        0x2 
 .text.SystemInit
                0x0000000008000dd0       0x24 ./Drivers/CMSIS/system_stm32g4xx.o
                0x0000000008000dd0                SystemInit
 .text.HAL_Init
                0x0000000008000df4       0x30 ./Drivers/STM32G4xx_HAL_Driver/stm32g4xx_hal.o
                0x0000000008000df4                HAL_Init
 .text.HAL_IncTick
                0x0000000008000e24       0x24 ./Drivers/STM32G4xx_HAL_Driver/stm32g4xx_hal.o
                0x0000000008000e24                HAL_IncTick
 .text.HAL_GetTick
                0x0000000008000e48       0x18 ./Drivers/STM32G4xx_HAL_Driver/stm32g4xx_hal.o
                0x0000000008000e48                HAL_GetTick
 .text.__NVIC_SetPriorityGrouping
                0x0000000008000e60       0x48 ./Drivers/STM32G4xx_HAL_Driver/stm32g4xx_hal_cortex.o
 .text.__NVIC_GetPriorityGrouping
                0x0000000008000ea8       0x1c ./Drivers/STM32G4xx_HAL_Driver/stm32g4xx_hal_cortex.o
 .text.__NVIC_EnableIRQ
                0x0000000008000ec4       0x3c ./Drivers/STM32G4xx_HAL_Driver/stm32g4xx_hal_cortex.o
 .text.__NVIC_SetPriority
                0x0000000008000f00       0x54 ./Drivers/STM32G4xx_HAL_Driver/stm32g4xx_hal_cortex.o
 .text.NVIC_EncodePriority
                0x0000000008000f54       0x66 ./Drivers/STM32G4xx_HAL_Driver/stm32g4xx_hal_cortex.o
 .text.HAL_NVIC_SetPriorityGrouping
                0x0000000008000fba       0x16 ./Drivers/STM32G4xx_HAL_Driver/stm32g4xx_hal_cortex.o
                0x0000000008000fba                HAL_NVIC_SetPriorityGrouping
 .text.HAL_NVIC_SetPriority
                0x0000000008000fd0       0x34 ./Drivers/STM32G4xx_HAL_Driver/stm32g4xx_hal_cortex.o
                0x0000000008000fd0                HAL_NVIC_SetPriority
 .text.HAL_NVIC_EnableIRQ
                0x0000000008001004       0x1c ./Drivers/STM32G4xx_HAL_Driver/stm32g4xx_hal_cortex.o
                0x0000000008001004                HAL_NVIC_EnableIRQ
 .text.HAL_GPIO_Init
                0x0000000008001020      0x304 ./Drivers/STM32G4xx_HAL_Driver/stm32g4xx_hal_gpio.o
                0x0000000008001020                HAL_GPIO_Init
 .text.HAL_GPIO_WritePin
                0x0000000008001324       0x30 ./Drivers/STM32G4xx_HAL_Driver/stm32g4xx_hal_gpio.o
                0x0000000008001324                HAL_GPIO_WritePin
 .text.HAL_GPIO_TogglePin
                0x0000000008001354       0x34 ./Drivers/STM32G4xx_HAL_Driver/stm32g4xx_hal_gpio.o
                0x0000000008001354                HAL_GPIO_TogglePin
 .text.HAL_IWDG_Init
                0x0000000008001388       0x9e ./Drivers/STM32G4xx_HAL_Driver/stm32g4xx_hal_iwdg.o
                0x0000000008001388                HAL_IWDG_Init
 *fill*         0x0000000008001426        0x2 
 .text.HAL_PWREx_ControlVoltageScaling
                0x0000000008001428      0x148 ./Drivers/STM32G4xx_HAL_Driver/stm32g4xx_hal_pwr_ex.o
                0x0000000008001428                HAL_PWREx_ControlVoltageScaling
 .text.HAL_PWREx_DisableUCPDDeadBattery
                0x0000000008001570       0x20 ./Drivers/STM32G4xx_HAL_Driver/stm32g4xx_hal_pwr_ex.o
                0x0000000008001570                HAL_PWREx_DisableUCPDDeadBattery
 .text.HAL_RCC_OscConfig
                0x0000000008001590      0x630 ./Drivers/STM32G4xx_HAL_Driver/stm32g4xx_hal_rcc.o
                0x0000000008001590                HAL_RCC_OscConfig
 .text.HAL_RCC_ClockConfig
                0x0000000008001bc0      0x278 ./Drivers/STM32G4xx_HAL_Driver/stm32g4xx_hal_rcc.o
                0x0000000008001bc0                HAL_RCC_ClockConfig
 .text.HAL_RCC_GetSysClockFreq
                0x0000000008001e38       0xc4 ./Drivers/STM32G4xx_HAL_Driver/stm32g4xx_hal_rcc.o
                0x0000000008001e38                HAL_RCC_GetSysClockFreq
 .text.HAL_RCC_GetHCLKFreq
                0x0000000008001efc       0x18 ./Drivers/STM32G4xx_HAL_Driver/stm32g4xx_hal_rcc.o
                0x0000000008001efc                HAL_RCC_GetHCLKFreq
 .text.HAL_RCC_GetPCLK1Freq
                0x0000000008001f14       0x2c ./Drivers/STM32G4xx_HAL_Driver/stm32g4xx_hal_rcc.o
                0x0000000008001f14                HAL_RCC_GetPCLK1Freq
 .text.HAL_RCC_GetPCLK2Freq
                0x0000000008001f40       0x2c ./Drivers/STM32G4xx_HAL_Driver/stm32g4xx_hal_rcc.o
                0x0000000008001f40                HAL_RCC_GetPCLK2Freq
 .text.HAL_RCC_GetClockConfig
                0x0000000008001f6c       0x64 ./Drivers/STM32G4xx_HAL_Driver/stm32g4xx_hal_rcc.o
                0x0000000008001f6c                HAL_RCC_GetClockConfig
 .text.RCC_GetSysClockFreqFromPLLSource
                0x0000000008001fd0       0x8c ./Drivers/STM32G4xx_HAL_Driver/stm32g4xx_hal_rcc.o
 .text.HAL_RCCEx_PeriphCLKConfig
                0x000000000800205c      0x49c ./Drivers/STM32G4xx_HAL_Driver/stm32g4xx_hal_rcc_ex.o
                0x000000000800205c                HAL_RCCEx_PeriphCLKConfig
 .text.HAL_TIM_Base_Init
                0x00000000080024f8       0xae ./Drivers/STM32G4xx_HAL_Driver/stm32g4xx_hal_tim.o
                0x00000000080024f8                HAL_TIM_Base_Init
 .text.HAL_TIM_Base_MspInit
                0x00000000080025a6       0x14 ./Drivers/STM32G4xx_HAL_Driver/stm32g4xx_hal_tim.o
                0x00000000080025a6                HAL_TIM_Base_MspInit
 *fill*         0x00000000080025ba        0x2 
 .text.HAL_TIM_Base_Start_IT
                0x00000000080025bc       0xf0 ./Drivers/STM32G4xx_HAL_Driver/stm32g4xx_hal_tim.o
                0x00000000080025bc                HAL_TIM_Base_Start_IT
 .text.HAL_TIM_IRQHandler
                0x00000000080026ac      0x2fe ./Drivers/STM32G4xx_HAL_Driver/stm32g4xx_hal_tim.o
                0x00000000080026ac                HAL_TIM_IRQHandler
 .text.HAL_TIM_OC_DelayElapsedCallback
                0x00000000080029aa       0x14 ./Drivers/STM32G4xx_HAL_Driver/stm32g4xx_hal_tim.o
                0x00000000080029aa                HAL_TIM_OC_DelayElapsedCallback
 .text.HAL_TIM_IC_CaptureCallback
                0x00000000080029be       0x14 ./Drivers/STM32G4xx_HAL_Driver/stm32g4xx_hal_tim.o
                0x00000000080029be                HAL_TIM_IC_CaptureCallback
 .text.HAL_TIM_PWM_PulseFinishedCallback
                0x00000000080029d2       0x14 ./Drivers/STM32G4xx_HAL_Driver/stm32g4xx_hal_tim.o
                0x00000000080029d2                HAL_TIM_PWM_PulseFinishedCallback
 .text.HAL_TIM_TriggerCallback
                0x00000000080029e6       0x14 ./Drivers/STM32G4xx_HAL_Driver/stm32g4xx_hal_tim.o
                0x00000000080029e6                HAL_TIM_TriggerCallback
 *fill*         0x00000000080029fa        0x2 
 .text.TIM_Base_SetConfig
                0x00000000080029fc      0x150 ./Drivers/STM32G4xx_HAL_Driver/stm32g4xx_hal_tim.o
                0x00000000080029fc                TIM_Base_SetConfig
 .text.HAL_TIMEx_CommutCallback
                0x0000000008002b4c       0x14 ./Drivers/STM32G4xx_HAL_Driver/stm32g4xx_hal_tim_ex.o
                0x0000000008002b4c                HAL_TIMEx_CommutCallback
 .text.HAL_TIMEx_BreakCallback
                0x0000000008002b60       0x14 ./Drivers/STM32G4xx_HAL_Driver/stm32g4xx_hal_tim_ex.o
                0x0000000008002b60                HAL_TIMEx_BreakCallback
 .text.HAL_TIMEx_Break2Callback
                0x0000000008002b74       0x14 ./Drivers/STM32G4xx_HAL_Driver/stm32g4xx_hal_tim_ex.o
                0x0000000008002b74                HAL_TIMEx_Break2Callback
 .text.HAL_TIMEx_EncoderIndexCallback
                0x0000000008002b88       0x14 ./Drivers/STM32G4xx_HAL_Driver/stm32g4xx_hal_tim_ex.o
                0x0000000008002b88                HAL_TIMEx_EncoderIndexCallback
 .text.HAL_TIMEx_DirectionChangeCallback
                0x0000000008002b9c       0x14 ./Drivers/STM32G4xx_HAL_Driver/stm32g4xx_hal_tim_ex.o
                0x0000000008002b9c                HAL_TIMEx_DirectionChangeCallback
 .text.HAL_TIMEx_IndexErrorCallback
                0x0000000008002bb0       0x14 ./Drivers/STM32G4xx_HAL_Driver/stm32g4xx_hal_tim_ex.o
                0x0000000008002bb0                HAL_TIMEx_IndexErrorCallback
 .text.HAL_TIMEx_TransitionErrorCallback
                0x0000000008002bc4       0x14 ./Drivers/STM32G4xx_HAL_Driver/stm32g4xx_hal_tim_ex.o
                0x0000000008002bc4                HAL_TIMEx_TransitionErrorCallback
 .text.HAL_UART_Init
                0x0000000008002bd8       0xa0 ./Drivers/STM32G4xx_HAL_Driver/stm32g4xx_hal_uart.o
                0x0000000008002bd8                HAL_UART_Init
 .text.HAL_UART_Transmit
                0x0000000008002c78      0x12c ./Drivers/STM32G4xx_HAL_Driver/stm32g4xx_hal_uart.o
                0x0000000008002c78                HAL_UART_Transmit
 .text.UART_SetConfig
                0x0000000008002da4      0x5f8 ./Drivers/STM32G4xx_HAL_Driver/stm32g4xx_hal_uart.o
                0x0000000008002da4                UART_SetConfig
 .text.UART_AdvFeatureConfig
                0x000000000800339c      0x144 ./Drivers/STM32G4xx_HAL_Driver/stm32g4xx_hal_uart.o
                0x000000000800339c                UART_AdvFeatureConfig
 .text.UART_CheckIdleState
                0x00000000080034e0       0x96 ./Drivers/STM32G4xx_HAL_Driver/stm32g4xx_hal_uart.o
                0x00000000080034e0                UART_CheckIdleState
 .text.UART_WaitOnFlagUntilTimeout
                0x0000000008003576      0x190 ./Drivers/STM32G4xx_HAL_Driver/stm32g4xx_hal_uart.o
                0x0000000008003576                UART_WaitOnFlagUntilTimeout
 .text.HAL_UARTEx_DisableFifoMode
                0x0000000008003706       0x72 ./Drivers/STM32G4xx_HAL_Driver/stm32g4xx_hal_uart_ex.o
                0x0000000008003706                HAL_UARTEx_DisableFifoMode
 .text.HAL_UARTEx_SetTxFifoThreshold
                0x0000000008003778       0x7c ./Drivers/STM32G4xx_HAL_Driver/stm32g4xx_hal_uart_ex.o
                0x0000000008003778                HAL_UARTEx_SetTxFifoThreshold
 .text.HAL_UARTEx_SetRxFifoThreshold
                0x00000000080037f4       0x7c ./Drivers/STM32G4xx_HAL_Driver/stm32g4xx_hal_uart_ex.o
                0x00000000080037f4                HAL_UARTEx_SetRxFifoThreshold
 .text.UARTEx_SetNbDataToProcess
                0x0000000008003870       0x9c ./Drivers/STM32G4xx_HAL_Driver/stm32g4xx_hal_uart_ex.o
 .text.__NVIC_SetPriority
                0x000000000800390c       0x54 ./Middlewares/FreeRTOS/cmsis_os2.o
 .text.SysTick_Handler
                0x0000000008003960       0x20 ./Middlewares/FreeRTOS/cmsis_os2.o
                0x0000000008003960                SysTick_Handler
 .text.SVC_Setup
                0x0000000008003980       0x12 ./Middlewares/FreeRTOS/cmsis_os2.o
 *fill*         0x0000000008003992        0x2 
 .text.osKernelInitialize
                0x0000000008003994       0x48 ./Middlewares/FreeRTOS/cmsis_os2.o
                0x0000000008003994                osKernelInitialize
 .text.osKernelStart
                0x00000000080039dc       0x4c ./Middlewares/FreeRTOS/cmsis_os2.o
                0x00000000080039dc                osKernelStart
 .text.osThreadNew
                0x0000000008003a28      0x124 ./Middlewares/FreeRTOS/cmsis_os2.o
                0x0000000008003a28                osThreadNew
 .text.osThreadYield
                0x0000000008003b4c       0x40 ./Middlewares/FreeRTOS/cmsis_os2.o
                0x0000000008003b4c                osThreadYield
 .text.osDelay  0x0000000008003b8c       0x36 ./Middlewares/FreeRTOS/cmsis_os2.o
                0x0000000008003b8c                osDelay
 .text.TimerCallback
                0x0000000008003bc2       0x2a ./Middlewares/FreeRTOS/cmsis_os2.o
 .text.osTimerNew
                0x0000000008003bec       0xf8 ./Middlewares/FreeRTOS/cmsis_os2.o
                0x0000000008003bec                osTimerNew
 .text.osMessageQueueNew
                0x0000000008003ce4       0xe6 ./Middlewares/FreeRTOS/cmsis_os2.o
                0x0000000008003ce4                osMessageQueueNew
 *fill*         0x0000000008003dca        0x2 
 .text.vApplicationGetIdleTaskMemory
                0x0000000008003dcc       0x34 ./Middlewares/FreeRTOS/cmsis_os2.o
                0x0000000008003dcc                vApplicationGetIdleTaskMemory
 .text.vApplicationGetTimerTaskMemory
                0x0000000008003e00       0x34 ./Middlewares/FreeRTOS/cmsis_os2.o
                0x0000000008003e00                vApplicationGetTimerTaskMemory
 .text.pvPortMalloc
                0x0000000008003e34      0x1a0 ./Middlewares/FreeRTOS/heap_4.o
                0x0000000008003e34                pvPortMalloc
 .text.vPortFree
                0x0000000008003fd4       0xc4 ./Middlewares/FreeRTOS/heap_4.o
                0x0000000008003fd4                vPortFree
 .text.prvHeapInit
                0x0000000008004098       0xc4 ./Middlewares/FreeRTOS/heap_4.o
 .text.prvInsertBlockIntoFreeList
                0x000000000800415c       0xb4 ./Middlewares/FreeRTOS/heap_4.o
 .text.vListInitialise
                0x0000000008004210       0x40 ./Middlewares/FreeRTOS/list.o
                0x0000000008004210                vListInitialise
 .text.vListInitialiseItem
                0x0000000008004250       0x1a ./Middlewares/FreeRTOS/list.o
                0x0000000008004250                vListInitialiseItem
 .text.vListInsertEnd
                0x000000000800426a       0x48 ./Middlewares/FreeRTOS/list.o
                0x000000000800426a                vListInsertEnd
 .text.vListInsert
                0x00000000080042b2       0x72 ./Middlewares/FreeRTOS/list.o
                0x00000000080042b2                vListInsert
 .text.uxListRemove
                0x0000000008004324       0x54 ./Middlewares/FreeRTOS/list.o
                0x0000000008004324                uxListRemove
 .text.pxPortInitialiseStack
                0x0000000008004378       0x68 ./Middlewares/FreeRTOS/port.o
                0x0000000008004378                pxPortInitialiseStack
 .text.prvTaskExitError
                0x00000000080043e0       0x58 ./Middlewares/FreeRTOS/port.o
 *fill*         0x0000000008004438        0x8 
 .text.SVC_Handler
                0x0000000008004440       0x28 ./Middlewares/FreeRTOS/port.o
                0x0000000008004440                SVC_Handler
 .text.prvPortStartFirstTask
                0x0000000008004468       0x28 ./Middlewares/FreeRTOS/port.o
 .text.xPortStartScheduler
                0x0000000008004490      0x144 ./Middlewares/FreeRTOS/port.o
                0x0000000008004490                xPortStartScheduler
 .text.vPortEnterCritical
                0x00000000080045d4       0x60 ./Middlewares/FreeRTOS/port.o
                0x00000000080045d4                vPortEnterCritical
 .text.vPortExitCritical
                0x0000000008004634       0x54 ./Middlewares/FreeRTOS/port.o
                0x0000000008004634                vPortExitCritical
 *fill*         0x0000000008004688        0x8 
 .text.PendSV_Handler
                0x0000000008004690       0x68 ./Middlewares/FreeRTOS/port.o
                0x0000000008004690                PendSV_Handler
 .text.xPortSysTickHandler
                0x00000000080046f8       0x44 ./Middlewares/FreeRTOS/port.o
                0x00000000080046f8                xPortSysTickHandler
 .text.vPortSetupTimerInterrupt
                0x000000000800473c       0x48 ./Middlewares/FreeRTOS/port.o
                0x000000000800473c                vPortSetupTimerInterrupt
 .text.vPortEnableVFP
                0x0000000008004784       0x14 ./Middlewares/FreeRTOS/port.o
 .text.vPortValidateInterruptPriority
                0x0000000008004798       0x80 ./Middlewares/FreeRTOS/port.o
                0x0000000008004798                vPortValidateInterruptPriority
 .text.xQueueGenericReset
                0x0000000008004818       0xd0 ./Middlewares/FreeRTOS/queue.o
                0x0000000008004818                xQueueGenericReset
 .text.xQueueGenericCreateStatic
                0x00000000080048e8       0xf0 ./Middlewares/FreeRTOS/queue.o
                0x00000000080048e8                xQueueGenericCreateStatic
 .text.xQueueGenericCreate
                0x00000000080049d8       0x74 ./Middlewares/FreeRTOS/queue.o
                0x00000000080049d8                xQueueGenericCreate
 .text.prvInitialiseNewQueue
                0x0000000008004a4c       0x46 ./Middlewares/FreeRTOS/queue.o
 *fill*         0x0000000008004a92        0x2 
 .text.xQueueGenericSend
                0x0000000008004a94      0x1fc ./Middlewares/FreeRTOS/queue.o
                0x0000000008004a94                xQueueGenericSend
 .text.xQueueGenericSendFromISR
                0x0000000008004c90      0x136 ./Middlewares/FreeRTOS/queue.o
                0x0000000008004c90                xQueueGenericSendFromISR
 *fill*         0x0000000008004dc6        0x2 
 .text.xQueueReceive
                0x0000000008004dc8      0x1c0 ./Middlewares/FreeRTOS/queue.o
                0x0000000008004dc8                xQueueReceive
 .text.prvCopyDataToQueue
                0x0000000008004f88       0xd4 ./Middlewares/FreeRTOS/queue.o
 .text.prvCopyDataFromQueue
                0x000000000800505c       0x4c ./Middlewares/FreeRTOS/queue.o
 .text.prvUnlockQueue
                0x00000000080050a8       0xa4 ./Middlewares/FreeRTOS/queue.o
 .text.prvIsQueueEmpty
                0x000000000800514c       0x2c ./Middlewares/FreeRTOS/queue.o
 .text.prvIsQueueFull
                0x0000000008005178       0x30 ./Middlewares/FreeRTOS/queue.o
 .text.vQueueAddToRegistry
                0x00000000080051a8       0x54 ./Middlewares/FreeRTOS/queue.o
                0x00000000080051a8                vQueueAddToRegistry
 .text.vQueueWaitForMessageRestricted
                0x00000000080051fc       0x68 ./Middlewares/FreeRTOS/queue.o
                0x00000000080051fc                vQueueWaitForMessageRestricted
 .text.xTaskCreateStatic
                0x0000000008005264       0xba ./Middlewares/FreeRTOS/tasks.o
                0x0000000008005264                xTaskCreateStatic
 .text.xTaskCreate
                0x000000000800531e       0x8a ./Middlewares/FreeRTOS/tasks.o
                0x000000000800531e                xTaskCreate
 .text.prvInitialiseNewTask
                0x00000000080053a8      0x158 ./Middlewares/FreeRTOS/tasks.o
 .text.prvAddNewTaskToReadyList
                0x0000000008005500       0xe0 ./Middlewares/FreeRTOS/tasks.o
 .text.vTaskDelay
                0x00000000080055e0       0x68 ./Middlewares/FreeRTOS/tasks.o
                0x00000000080055e0                vTaskDelay
 .text.eTaskGetState
                0x0000000008005648       0xcc ./Middlewares/FreeRTOS/tasks.o
                0x0000000008005648                eTaskGetState
 .text.vTaskStartScheduler
                0x0000000008005714       0xe4 ./Middlewares/FreeRTOS/tasks.o
                0x0000000008005714                vTaskStartScheduler
 .text.vTaskSuspendAll
                0x00000000080057f8       0x1c ./Middlewares/FreeRTOS/tasks.o
                0x00000000080057f8                vTaskSuspendAll
 .text.xTaskResumeAll
                0x0000000008005814      0x13c ./Middlewares/FreeRTOS/tasks.o
                0x0000000008005814                xTaskResumeAll
 .text.xTaskGetTickCount
                0x0000000008005950       0x20 ./Middlewares/FreeRTOS/tasks.o
                0x0000000008005950                xTaskGetTickCount
 .text.uxTaskGetSystemState
                0x0000000008005970      0x120 ./Middlewares/FreeRTOS/tasks.o
                0x0000000008005970                uxTaskGetSystemState
 .text.xTaskIncrementTick
                0x0000000008005a90      0x174 ./Middlewares/FreeRTOS/tasks.o
                0x0000000008005a90                xTaskIncrementTick
 .text.vTaskSwitchContext
                0x0000000008005c04      0x100 ./Middlewares/FreeRTOS/tasks.o
                0x0000000008005c04                vTaskSwitchContext
 .text.vTaskPlaceOnEventList
                0x0000000008005d04       0x48 ./Middlewares/FreeRTOS/tasks.o
                0x0000000008005d04                vTaskPlaceOnEventList
 .text.vTaskPlaceOnEventListRestricted
                0x0000000008005d4c       0x58 ./Middlewares/FreeRTOS/tasks.o
                0x0000000008005d4c                vTaskPlaceOnEventListRestricted
 .text.xTaskRemoveFromEventList
                0x0000000008005da4       0xc8 ./Middlewares/FreeRTOS/tasks.o
                0x0000000008005da4                xTaskRemoveFromEventList
 .text.vTaskInternalSetTimeOutState
                0x0000000008005e6c       0x2c ./Middlewares/FreeRTOS/tasks.o
                0x0000000008005e6c                vTaskInternalSetTimeOutState
 .text.xTaskCheckForTimeOut
                0x0000000008005e98       0xc4 ./Middlewares/FreeRTOS/tasks.o
                0x0000000008005e98                xTaskCheckForTimeOut
 .text.vTaskMissedYield
                0x0000000008005f5c       0x18 ./Middlewares/FreeRTOS/tasks.o
                0x0000000008005f5c                vTaskMissedYield
 .text.prvIdleTask
                0x0000000008005f74       0x30 ./Middlewares/FreeRTOS/tasks.o
 .text.prvInitialiseTaskLists
                0x0000000008005fa4       0x80 ./Middlewares/FreeRTOS/tasks.o
 .text.prvCheckTasksWaitingTermination
                0x0000000008006024       0x5c ./Middlewares/FreeRTOS/tasks.o
 .text.vTaskGetInfo
                0x0000000008006080       0xcc ./Middlewares/FreeRTOS/tasks.o
                0x0000000008006080                vTaskGetInfo
 .text.prvListTasksWithinSingleList
                0x000000000800614c       0xa4 ./Middlewares/FreeRTOS/tasks.o
 .text.prvTaskCheckFreeStackSpace
                0x00000000080061f0       0x38 ./Middlewares/FreeRTOS/tasks.o
 .text.prvDeleteTCB
                0x0000000008006228       0x68 ./Middlewares/FreeRTOS/tasks.o
 .text.prvResetNextTaskUnblockTime
                0x0000000008006290       0x40 ./Middlewares/FreeRTOS/tasks.o
 .text.xTaskGetSchedulerState
                0x00000000080062d0       0x3c ./Middlewares/FreeRTOS/tasks.o
                0x00000000080062d0                xTaskGetSchedulerState
 .text.xTaskPriorityDisinherit
                0x000000000800630c       0xdc ./Middlewares/FreeRTOS/tasks.o
                0x000000000800630c                xTaskPriorityDisinherit
 .text.prvWriteNameToBuffer
                0x00000000080063e8       0x4a ./Middlewares/FreeRTOS/tasks.o
 *fill*         0x0000000008006432        0x2 
 .text.vTaskGetRunTimeStats
                0x0000000008006434      0x108 ./Middlewares/FreeRTOS/tasks.o
                0x0000000008006434                vTaskGetRunTimeStats
 .text.prvAddCurrentTaskToDelayedList
                0x000000000800653c       0xa8 ./Middlewares/FreeRTOS/tasks.o
 .text.xTimerCreateTimerTask
                0x00000000080065e4       0x90 ./Middlewares/FreeRTOS/timers.o
                0x00000000080065e4                xTimerCreateTimerTask
 .text.xTimerCreate
                0x0000000008006674       0x42 ./Middlewares/FreeRTOS/timers.o
                0x0000000008006674                xTimerCreate
 .text.xTimerCreateStatic
                0x00000000080066b6       0x7c ./Middlewares/FreeRTOS/timers.o
                0x00000000080066b6                xTimerCreateStatic
 .text.prvInitialiseNewTimer
                0x0000000008006732       0x76 ./Middlewares/FreeRTOS/timers.o
 .text.xTimerGenericCommand
                0x00000000080067a8       0x9c ./Middlewares/FreeRTOS/timers.o
                0x00000000080067a8                xTimerGenericCommand
 .text.xTimerGetPeriod
                0x0000000008006844       0x38 ./Middlewares/FreeRTOS/timers.o
                0x0000000008006844                xTimerGetPeriod
 .text.prvProcessExpiredTimer
                0x000000000800687c       0x98 ./Middlewares/FreeRTOS/timers.o
 .text.prvTimerTask
                0x0000000008006914       0x24 ./Middlewares/FreeRTOS/timers.o
 .text.prvProcessTimerOrBlockTask
                0x0000000008006938       0x9c ./Middlewares/FreeRTOS/timers.o
 .text.prvGetNextExpireTime
                0x00000000080069d4       0x48 ./Middlewares/FreeRTOS/timers.o
 .text.prvSampleTimeNow
                0x0000000008006a1c       0x40 ./Middlewares/FreeRTOS/timers.o
 .text.prvInsertTimerInActiveList
                0x0000000008006a5c       0x84 ./Middlewares/FreeRTOS/timers.o
 .text.prvProcessReceivedCommands
                0x0000000008006ae0      0x1c4 ./Middlewares/FreeRTOS/timers.o
 .text.prvSwitchTimerLists
                0x0000000008006ca4       0xc8 ./Middlewares/FreeRTOS/timers.o
 .text.prvCheckForValidListAndQueue
                0x0000000008006d6c       0x80 ./Middlewares/FreeRTOS/timers.o
 .text.xTimerIsTimerActive
                0x0000000008006dec       0x52 ./Middlewares/FreeRTOS/timers.o
                0x0000000008006dec                xTimerIsTimerActive
 .text.pvTimerGetTimerID
                0x0000000008006e3e       0x40 ./Middlewares/FreeRTOS/timers.o
                0x0000000008006e3e                pvTimerGetTimerID
 *fill*         0x0000000008006e7e        0x2 
 .text.__errno  0x0000000008006e80        0xc c:/st/stm32cubeide_1.12.0/stm32cubeide/plugins/com.st.stm32cube.ide.mcu.externaltools.gnu-tools-for-stm32.10.3-2021.10.win32_1.0.200.202301161003/tools/bin/../lib/gcc/arm-none-eabi/10.3.1/../../../../arm-none-eabi/lib/thumb/v7e-m+fp/hard\libc_nano.a(lib_a-errno.o)
                0x0000000008006e80                __errno
 .text.__libc_init_array
                0x0000000008006e8c       0x48 c:/st/stm32cubeide_1.12.0/stm32cubeide/plugins/com.st.stm32cube.ide.mcu.externaltools.gnu-tools-for-stm32.10.3-2021.10.win32_1.0.200.202301161003/tools/bin/../lib/gcc/arm-none-eabi/10.3.1/../../../../arm-none-eabi/lib/thumb/v7e-m+fp/hard\libc_nano.a(lib_a-init.o)
                0x0000000008006e8c                __libc_init_array
 .text.__retarget_lock_acquire_recursive
                0x0000000008006ed4        0x2 c:/st/stm32cubeide_1.12.0/stm32cubeide/plugins/com.st.stm32cube.ide.mcu.externaltools.gnu-tools-for-stm32.10.3-2021.10.win32_1.0.200.202301161003/tools/bin/../lib/gcc/arm-none-eabi/10.3.1/../../../../arm-none-eabi/lib/thumb/v7e-m+fp/hard\libc_nano.a(lib_a-lock.o)
                0x0000000008006ed4                __retarget_lock_acquire_recursive
 .text.__retarget_lock_release_recursive
                0x0000000008006ed6        0x2 c:/st/stm32cubeide_1.12.0/stm32cubeide/plugins/com.st.stm32cube.ide.mcu.externaltools.gnu-tools-for-stm32.10.3-2021.10.win32_1.0.200.202301161003/tools/bin/../lib/gcc/arm-none-eabi/10.3.1/../../../../arm-none-eabi/lib/thumb/v7e-m+fp/hard\libc_nano.a(lib_a-lock.o)
                0x0000000008006ed6                __retarget_lock_release_recursive
 .text.memcpy   0x0000000008006ed8       0x1c c:/st/stm32cubeide_1.12.0/stm32cubeide/plugins/com.st.stm32cube.ide.mcu.externaltools.gnu-tools-for-stm32.10.3-2021.10.win32_1.0.200.202301161003/tools/bin/../lib/gcc/arm-none-eabi/10.3.1/../../../../arm-none-eabi/lib/thumb/v7e-m+fp/hard\libc_nano.a(lib_a-memcpy-stub.o)
                0x0000000008006ed8                memcpy
 .text.memset   0x0000000008006ef4       0x10 c:/st/stm32cubeide_1.12.0/stm32cubeide/plugins/com.st.stm32cube.ide.mcu.externaltools.gnu-tools-for-stm32.10.3-2021.10.win32_1.0.200.202301161003/tools/bin/../lib/gcc/arm-none-eabi/10.3.1/../../../../arm-none-eabi/lib/thumb/v7e-m+fp/hard\libc_nano.a(lib_a-memset.o)
                0x0000000008006ef4                memset
 .text.sbrk_aligned
                0x0000000008006f04       0x40 c:/st/stm32cubeide_1.12.0/stm32cubeide/plugins/com.st.stm32cube.ide.mcu.externaltools.gnu-tools-for-stm32.10.3-2021.10.win32_1.0.200.202301161003/tools/bin/../lib/gcc/arm-none-eabi/10.3.1/../../../../arm-none-eabi/lib/thumb/v7e-m+fp/hard\libc_nano.a(lib_a-nano-mallocr.o)
 .text._malloc_r
                0x0000000008006f44       0xe8 c:/st/stm32cubeide_1.12.0/stm32cubeide/plugins/com.st.stm32cube.ide.mcu.externaltools.gnu-tools-for-stm32.10.3-2021.10.win32_1.0.200.202301161003/tools/bin/../lib/gcc/arm-none-eabi/10.3.1/../../../../arm-none-eabi/lib/thumb/v7e-m+fp/hard\libc_nano.a(lib_a-nano-mallocr.o)
                0x0000000008006f44                _malloc_r
 .text.cleanup_glue
                0x000000000800702c       0x1a c:/st/stm32cubeide_1.12.0/stm32cubeide/plugins/com.st.stm32cube.ide.mcu.externaltools.gnu-tools-for-stm32.10.3-2021.10.win32_1.0.200.202301161003/tools/bin/../lib/gcc/arm-none-eabi/10.3.1/../../../../arm-none-eabi/lib/thumb/v7e-m+fp/hard\libc_nano.a(lib_a-reent.o)
                0x000000000800702c                cleanup_glue
 *fill*         0x0000000008007046        0x2 
 .text._reclaim_reent
                0x0000000008007048       0xb8 c:/st/stm32cubeide_1.12.0/stm32cubeide/plugins/com.st.stm32cube.ide.mcu.externaltools.gnu-tools-for-stm32.10.3-2021.10.win32_1.0.200.202301161003/tools/bin/../lib/gcc/arm-none-eabi/10.3.1/../../../../arm-none-eabi/lib/thumb/v7e-m+fp/hard\libc_nano.a(lib_a-reent.o)
                0x0000000008007048                _reclaim_reent
 .text._sbrk_r  0x0000000008007100       0x20 c:/st/stm32cubeide_1.12.0/stm32cubeide/plugins/com.st.stm32cube.ide.mcu.externaltools.gnu-tools-for-stm32.10.3-2021.10.win32_1.0.200.202301161003/tools/bin/../lib/gcc/arm-none-eabi/10.3.1/../../../../arm-none-eabi/lib/thumb/v7e-m+fp/hard\libc_nano.a(lib_a-sbrkr.o)
                0x0000000008007100                _sbrk_r
 .text.snprintf
                0x0000000008007120       0x68 c:/st/stm32cubeide_1.12.0/stm32cubeide/plugins/com.st.stm32cube.ide.mcu.externaltools.gnu-tools-for-stm32.10.3-2021.10.win32_1.0.200.202301161003/tools/bin/../lib/gcc/arm-none-eabi/10.3.1/../../../../arm-none-eabi/lib/thumb/v7e-m+fp/hard\libc_nano.a(lib_a-snprintf.o)
                0x0000000008007120                sniprintf
                0x0000000008007120                snprintf
 .text.sprintf  0x0000000008007188       0x40 c:/st/stm32cubeide_1.12.0/stm32cubeide/plugins/com.st.stm32cube.ide.mcu.externaltools.gnu-tools-for-stm32.10.3-2021.10.win32_1.0.200.202301161003/tools/bin/../lib/gcc/arm-none-eabi/10.3.1/../../../../arm-none-eabi/lib/thumb/v7e-m+fp/hard\libc_nano.a(lib_a-sprintf.o)
                0x0000000008007188                siprintf
                0x0000000008007188                sprintf
 .text.strcpy   0x00000000080071c8       0x10 c:/st/stm32cubeide_1.12.0/stm32cubeide/plugins/com.st.stm32cube.ide.mcu.externaltools.gnu-tools-for-stm32.10.3-2021.10.win32_1.0.200.202301161003/tools/bin/../lib/gcc/arm-none-eabi/10.3.1/../../../../arm-none-eabi/lib/thumb/v7e-m+fp/hard\libc_nano.a(lib_a-strcpy.o)
                0x00000000080071c8                strcpy
 .text.__malloc_lock
                0x00000000080071d8        0xc c:/st/stm32cubeide_1.12.0/stm32cubeide/plugins/com.st.stm32cube.ide.mcu.externaltools.gnu-tools-for-stm32.10.3-2021.10.win32_1.0.200.202301161003/tools/bin/../lib/gcc/arm-none-eabi/10.3.1/../../../../arm-none-eabi/lib/thumb/v7e-m+fp/hard\libc_nano.a(lib_a-mlock.o)
                0x00000000080071d8                __malloc_lock
 .text.__malloc_unlock
                0x00000000080071e4        0xc c:/st/stm32cubeide_1.12.0/stm32cubeide/plugins/com.st.stm32cube.ide.mcu.externaltools.gnu-tools-for-stm32.10.3-2021.10.win32_1.0.200.202301161003/tools/bin/../lib/gcc/arm-none-eabi/10.3.1/../../../../arm-none-eabi/lib/thumb/v7e-m+fp/hard\libc_nano.a(lib_a-mlock.o)
                0x00000000080071e4                __malloc_unlock
 .text._free_r  0x00000000080071f0       0x98 c:/st/stm32cubeide_1.12.0/stm32cubeide/plugins/com.st.stm32cube.ide.mcu.externaltools.gnu-tools-for-stm32.10.3-2021.10.win32_1.0.200.202301161003/tools/bin/../lib/gcc/arm-none-eabi/10.3.1/../../../../arm-none-eabi/lib/thumb/v7e-m+fp/hard\libc_nano.a(lib_a-nano-freer.o)
                0x00000000080071f0                _free_r
 .text.__ssputs_r
                0x0000000008007288       0xb6 c:/st/stm32cubeide_1.12.0/stm32cubeide/plugins/com.st.stm32cube.ide.mcu.externaltools.gnu-tools-for-stm32.10.3-2021.10.win32_1.0.200.202301161003/tools/bin/../lib/gcc/arm-none-eabi/10.3.1/../../../../arm-none-eabi/lib/thumb/v7e-m+fp/hard\libc_nano.a(lib_a-nano-svfprintf.o)
                0x0000000008007288                __ssputs_r
 *fill*         0x000000000800733e        0x2 
 .text._svfprintf_r
                0x0000000008007340      0x200 c:/st/stm32cubeide_1.12.0/stm32cubeide/plugins/com.st.stm32cube.ide.mcu.externaltools.gnu-tools-for-stm32.10.3-2021.10.win32_1.0.200.202301161003/tools/bin/../lib/gcc/arm-none-eabi/10.3.1/../../../../arm-none-eabi/lib/thumb/v7e-m+fp/hard\libc_nano.a(lib_a-nano-svfprintf.o)
                0x0000000008007340                _svfiprintf_r
                0x0000000008007340                _svfprintf_r
 .text._printf_common
                0x0000000008007540       0xda c:/st/stm32cubeide_1.12.0/stm32cubeide/plugins/com.st.stm32cube.ide.mcu.externaltools.gnu-tools-for-stm32.10.3-2021.10.win32_1.0.200.202301161003/tools/bin/../lib/gcc/arm-none-eabi/10.3.1/../../../../arm-none-eabi/lib/thumb/v7e-m+fp/hard\libc_nano.a(lib_a-nano-vfprintf_i.o)
                0x0000000008007540                _printf_common
 *fill*         0x000000000800761a        0x2 
 .text._printf_i
                0x000000000800761c      0x24c c:/st/stm32cubeide_1.12.0/stm32cubeide/plugins/com.st.stm32cube.ide.mcu.externaltools.gnu-tools-for-stm32.10.3-2021.10.win32_1.0.200.202301161003/tools/bin/../lib/gcc/arm-none-eabi/10.3.1/../../../../arm-none-eabi/lib/thumb/v7e-m+fp/hard\libc_nano.a(lib_a-nano-vfprintf_i.o)
                0x000000000800761c                _printf_i
 .text.memmove  0x0000000008007868       0x34 c:/st/stm32cubeide_1.12.0/stm32cubeide/plugins/com.st.stm32cube.ide.mcu.externaltools.gnu-tools-for-stm32.10.3-2021.10.win32_1.0.200.202301161003/tools/bin/../lib/gcc/arm-none-eabi/10.3.1/../../../../arm-none-eabi/lib/thumb/v7e-m+fp/hard\libc_nano.a(lib_a-memmove.o)
                0x0000000008007868                memmove
 .text._realloc_r
                0x000000000800789c       0x5e c:/st/stm32cubeide_1.12.0/stm32cubeide/plugins/com.st.stm32cube.ide.mcu.externaltools.gnu-tools-for-stm32.10.3-2021.10.win32_1.0.200.202301161003/tools/bin/../lib/gcc/arm-none-eabi/10.3.1/../../../../arm-none-eabi/lib/thumb/v7e-m+fp/hard\libc_nano.a(lib_a-nano-reallocr.o)
                0x000000000800789c                _realloc_r
 .text._malloc_usable_size_r
                0x00000000080078fa       0x10 c:/st/stm32cubeide_1.12.0/stm32cubeide/plugins/com.st.stm32cube.ide.mcu.externaltools.gnu-tools-for-stm32.10.3-2021.10.win32_1.0.200.202301161003/tools/bin/../lib/gcc/arm-none-eabi/10.3.1/../../../../arm-none-eabi/lib/thumb/v7e-m+fp/hard\libc_nano.a(lib_a-nano-msizer.o)
                0x00000000080078fa                _malloc_usable_size_r
 *(.glue_7)
 .glue_7        0x000000000800790a        0x0 linker stubs
 *(.glue_7t)
 .glue_7t       0x000000000800790a        0x0 linker stubs
 *(.eh_frame)
 *fill*         0x000000000800790a        0x2 
 .eh_frame      0x000000000800790c        0x0 c:/st/stm32cubeide_1.12.0/stm32cubeide/plugins/com.st.stm32cube.ide.mcu.externaltools.gnu-tools-for-stm32.10.3-2021.10.win32_1.0.200.202301161003/tools/bin/../lib/gcc/arm-none-eabi/10.3.1/thumb/v7e-m+fp/hard/crtbegin.o
 *(.init)
 .init          0x000000000800790c        0x4 c:/st/stm32cubeide_1.12.0/stm32cubeide/plugins/com.st.stm32cube.ide.mcu.externaltools.gnu-tools-for-stm32.10.3-2021.10.win32_1.0.200.202301161003/tools/bin/../lib/gcc/arm-none-eabi/10.3.1/thumb/v7e-m+fp/hard/crti.o
                0x000000000800790c                _init
 .init          0x0000000008007910        0x8 c:/st/stm32cubeide_1.12.0/stm32cubeide/plugins/com.st.stm32cube.ide.mcu.externaltools.gnu-tools-for-stm32.10.3-2021.10.win32_1.0.200.202301161003/tools/bin/../lib/gcc/arm-none-eabi/10.3.1/thumb/v7e-m+fp/hard/crtn.o
 *(.fini)
 .fini          0x0000000008007918        0x4 c:/st/stm32cubeide_1.12.0/stm32cubeide/plugins/com.st.stm32cube.ide.mcu.externaltools.gnu-tools-for-stm32.10.3-2021.10.win32_1.0.200.202301161003/tools/bin/../lib/gcc/arm-none-eabi/10.3.1/thumb/v7e-m+fp/hard/crti.o
                0x0000000008007918                _fini
 .fini          0x000000000800791c        0x8 c:/st/stm32cubeide_1.12.0/stm32cubeide/plugins/com.st.stm32cube.ide.mcu.externaltools.gnu-tools-for-stm32.10.3-2021.10.win32_1.0.200.202301161003/tools/bin/../lib/gcc/arm-none-eabi/10.3.1/thumb/v7e-m+fp/hard/crtn.o
                0x0000000008007924                . = ALIGN (0x4)
                0x0000000008007924                _etext = .

.vfp11_veneer   0x0000000008007924        0x0
 .vfp11_veneer  0x0000000008007924        0x0 linker stubs

.v4_bx          0x0000000008007924        0x0
 .v4_bx         0x0000000008007924        0x0 linker stubs

.iplt           0x0000000008007924        0x0
 .iplt          0x0000000008007924        0x0 c:/st/stm32cubeide_1.12.0/stm32cubeide/plugins/com.st.stm32cube.ide.mcu.externaltools.gnu-tools-for-stm32.10.3-2021.10.win32_1.0.200.202301161003/tools/bin/../lib/gcc/arm-none-eabi/10.3.1/thumb/v7e-m+fp/hard/crtbegin.o

.rodata         0x0000000008007924      0x200
                0x0000000008007924                . = ALIGN (0x4)
 *(.rodata)
 .rodata        0x0000000008007924       0x46 ./Application/User/Core/app_freertos.o
 *fill*         0x000000000800796a        0x2 
 .rodata        0x000000000800796c        0xd ./Application/User/Core/main.o
 *fill*         0x0000000008007979        0x3 
 .rodata        0x000000000800797c       0x30 ./Middlewares/FreeRTOS/tasks.o
 .rodata        0x00000000080079ac        0xd ./Middlewares/FreeRTOS/timers.o
 *(.rodata*)
 *fill*         0x00000000080079b9        0x3 
 .rodata.defaultTask_attributes
                0x00000000080079bc       0x24 ./Application/User/Core/app_freertos.o
                0x00000000080079bc                defaultTask_attributes
 .rodata._vRecieverLD2_attributes
                0x00000000080079e0       0x24 ./Application/User/Core/app_freertos.o
                0x00000000080079e0                _vRecieverLD2_attributes
 .rodata._vReceiverYELLOW_attributes
                0x0000000008007a04       0x24 ./Application/User/Core/app_freertos.o
                0x0000000008007a04                _vReceiverYELLOW_attributes
 .rodata.myQueue01_attributes
                0x0000000008007a28       0x18 ./Application/User/Core/app_freertos.o
                0x0000000008007a28                myQueue01_attributes
 .rodata.myTimer01_attributes
                0x0000000008007a40       0x10 ./Application/User/Core/app_freertos.o
                0x0000000008007a40                myTimer01_attributes
 .rodata.AHBPrescTable
                0x0000000008007a50       0x10 ./Drivers/CMSIS/system_stm32g4xx.o
                0x0000000008007a50                AHBPrescTable
 .rodata.APBPrescTable
                0x0000000008007a60        0x8 ./Drivers/CMSIS/system_stm32g4xx.o
                0x0000000008007a60                APBPrescTable
 .rodata.UARTPrescTable
                0x0000000008007a68       0x18 ./Drivers/STM32G4xx_HAL_Driver/stm32g4xx_hal_uart.o
                0x0000000008007a68                UARTPrescTable
 .rodata.numerator.1
                0x0000000008007a80        0x8 ./Drivers/STM32G4xx_HAL_Driver/stm32g4xx_hal_uart_ex.o
 .rodata.denominator.0
                0x0000000008007a88        0x8 ./Drivers/STM32G4xx_HAL_Driver/stm32g4xx_hal_uart_ex.o
 .rodata.__sf_fake_stderr
                0x0000000008007a90       0x20 c:/st/stm32cubeide_1.12.0/stm32cubeide/plugins/com.st.stm32cube.ide.mcu.externaltools.gnu-tools-for-stm32.10.3-2021.10.win32_1.0.200.202301161003/tools/bin/../lib/gcc/arm-none-eabi/10.3.1/../../../../arm-none-eabi/lib/thumb/v7e-m+fp/hard\libc_nano.a(lib_a-findfp.o)
                0x0000000008007a90                __sf_fake_stderr
 .rodata.__sf_fake_stdin
                0x0000000008007ab0       0x20 c:/st/stm32cubeide_1.12.0/stm32cubeide/plugins/com.st.stm32cube.ide.mcu.externaltools.gnu-tools-for-stm32.10.3-2021.10.win32_1.0.200.202301161003/tools/bin/../lib/gcc/arm-none-eabi/10.3.1/../../../../arm-none-eabi/lib/thumb/v7e-m+fp/hard\libc_nano.a(lib_a-findfp.o)
                0x0000000008007ab0                __sf_fake_stdin
 .rodata.__sf_fake_stdout
                0x0000000008007ad0       0x20 c:/st/stm32cubeide_1.12.0/stm32cubeide/plugins/com.st.stm32cube.ide.mcu.externaltools.gnu-tools-for-stm32.10.3-2021.10.win32_1.0.200.202301161003/tools/bin/../lib/gcc/arm-none-eabi/10.3.1/../../../../arm-none-eabi/lib/thumb/v7e-m+fp/hard\libc_nano.a(lib_a-findfp.o)
                0x0000000008007ad0                __sf_fake_stdout
 .rodata._svfprintf_r.str1.1
                0x0000000008007af0       0x11 c:/st/stm32cubeide_1.12.0/stm32cubeide/plugins/com.st.stm32cube.ide.mcu.externaltools.gnu-tools-for-stm32.10.3-2021.10.win32_1.0.200.202301161003/tools/bin/../lib/gcc/arm-none-eabi/10.3.1/../../../../arm-none-eabi/lib/thumb/v7e-m+fp/hard\libc_nano.a(lib_a-nano-svfprintf.o)
 .rodata._printf_i.str1.1
                0x0000000008007b01       0x22 c:/st/stm32cubeide_1.12.0/stm32cubeide/plugins/com.st.stm32cube.ide.mcu.externaltools.gnu-tools-for-stm32.10.3-2021.10.win32_1.0.200.202301161003/tools/bin/../lib/gcc/arm-none-eabi/10.3.1/../../../../arm-none-eabi/lib/thumb/v7e-m+fp/hard\libc_nano.a(lib_a-nano-vfprintf_i.o)
                0x0000000008007b24                . = ALIGN (0x4)
 *fill*         0x0000000008007b23        0x1 

.ARM.extab      0x0000000008007b24        0x0
                0x0000000008007b24                . = ALIGN (0x4)
 *(.ARM.extab* .gnu.linkonce.armextab.*)
                0x0000000008007b24                . = ALIGN (0x4)

.ARM            0x0000000008007b24        0x8
                0x0000000008007b24                . = ALIGN (0x4)
                0x0000000008007b24                __exidx_start = .
 *(.ARM.exidx*)
 .ARM.exidx     0x0000000008007b24        0x8 c:/st/stm32cubeide_1.12.0/stm32cubeide/plugins/com.st.stm32cube.ide.mcu.externaltools.gnu-tools-for-stm32.10.3-2021.10.win32_1.0.200.202301161003/tools/bin/../lib/gcc/arm-none-eabi/10.3.1/thumb/v7e-m+fp/hard\libgcc.a(_udivmoddi4.o)
                0x0000000008007b2c                __exidx_end = .
                0x0000000008007b2c                . = ALIGN (0x4)

.rel.dyn        0x0000000008007b2c        0x0
 .rel.iplt      0x0000000008007b2c        0x0 c:/st/stm32cubeide_1.12.0/stm32cubeide/plugins/com.st.stm32cube.ide.mcu.externaltools.gnu-tools-for-stm32.10.3-2021.10.win32_1.0.200.202301161003/tools/bin/../lib/gcc/arm-none-eabi/10.3.1/thumb/v7e-m+fp/hard/crtbegin.o

.preinit_array  0x0000000008007b2c        0x0
                0x0000000008007b2c                . = ALIGN (0x4)
                0x0000000008007b2c                PROVIDE (__preinit_array_start = .)
 *(.preinit_array*)
                0x0000000008007b2c                PROVIDE (__preinit_array_end = .)
                0x0000000008007b2c                . = ALIGN (0x4)

.init_array     0x0000000008007b2c        0x4
                0x0000000008007b2c                . = ALIGN (0x4)
                0x0000000008007b2c                PROVIDE (__init_array_start = .)
 *(SORT_BY_NAME(.init_array.*))
 *(.init_array*)
 .init_array    0x0000000008007b2c        0x4 c:/st/stm32cubeide_1.12.0/stm32cubeide/plugins/com.st.stm32cube.ide.mcu.externaltools.gnu-tools-for-stm32.10.3-2021.10.win32_1.0.200.202301161003/tools/bin/../lib/gcc/arm-none-eabi/10.3.1/thumb/v7e-m+fp/hard/crtbegin.o
                0x0000000008007b30                PROVIDE (__init_array_end = .)
                0x0000000008007b30                . = ALIGN (0x4)

.fini_array     0x0000000008007b30        0x4
                0x0000000008007b30                . = ALIGN (0x4)
                [!provide]                        PROVIDE (__fini_array_start = .)
 *(SORT_BY_NAME(.fini_array.*))
 *(.fini_array*)
 .fini_array    0x0000000008007b30        0x4 c:/st/stm32cubeide_1.12.0/stm32cubeide/plugins/com.st.stm32cube.ide.mcu.externaltools.gnu-tools-for-stm32.10.3-2021.10.win32_1.0.200.202301161003/tools/bin/../lib/gcc/arm-none-eabi/10.3.1/thumb/v7e-m+fp/hard/crtbegin.o
                [!provide]                        PROVIDE (__fini_array_end = .)
                0x0000000008007b34                . = ALIGN (0x4)
                0x0000000008007b34                _sidata = LOADADDR (.data)

.data           0x0000000020000000       0xe0 load address 0x0000000008007b34
                0x0000000020000000                . = ALIGN (0x4)
                0x0000000020000000                _sdata = .
 *(.data)
 *(.data*)
 .data.Led      0x0000000020000000        0x8 ./Application/User/Core/app_freertos.o
                0x0000000020000000                Led
 .data.char_buffer
                0x0000000020000008       0x64 ./Application/User/Core/main.o
                0x0000000020000008                char_buffer
 .data.SystemCoreClock
                0x000000002000006c        0x4 ./Drivers/CMSIS/system_stm32g4xx.o
                0x000000002000006c                SystemCoreClock
 .data.uwTickPrio
                0x0000000020000070        0x4 ./Drivers/STM32G4xx_HAL_Driver/stm32g4xx_hal.o
                0x0000000020000070                uwTickPrio
 .data.uwTickFreq
                0x0000000020000074        0x4 ./Drivers/STM32G4xx_HAL_Driver/stm32g4xx_hal.o
                0x0000000020000074                uwTickFreq
 .data.uxCriticalNesting
                0x0000000020000078        0x4 ./Middlewares/FreeRTOS/port.o
 .data._impure_ptr
                0x000000002000007c        0x4 c:/st/stm32cubeide_1.12.0/stm32cubeide/plugins/com.st.stm32cube.ide.mcu.externaltools.gnu-tools-for-stm32.10.3-2021.10.win32_1.0.200.202301161003/tools/bin/../lib/gcc/arm-none-eabi/10.3.1/../../../../arm-none-eabi/lib/thumb/v7e-m+fp/hard\libc_nano.a(lib_a-impure.o)
                0x000000002000007c                _impure_ptr
 .data.impure_data
                0x0000000020000080       0x60 c:/st/stm32cubeide_1.12.0/stm32cubeide/plugins/com.st.stm32cube.ide.mcu.externaltools.gnu-tools-for-stm32.10.3-2021.10.win32_1.0.200.202301161003/tools/bin/../lib/gcc/arm-none-eabi/10.3.1/../../../../arm-none-eabi/lib/thumb/v7e-m+fp/hard\libc_nano.a(lib_a-impure.o)
 *(.RamFunc)
 *(.RamFunc*)
                0x00000000200000e0                . = ALIGN (0x4)
                0x00000000200000e0                _edata = .

.igot.plt       0x00000000200000e0        0x0 load address 0x0000000008007c14
 .igot.plt      0x00000000200000e0        0x0 c:/st/stm32cubeide_1.12.0/stm32cubeide/plugins/com.st.stm32cube.ide.mcu.externaltools.gnu-tools-for-stm32.10.3-2021.10.win32_1.0.200.202301161003/tools/bin/../lib/gcc/arm-none-eabi/10.3.1/thumb/v7e-m+fp/hard/crtbegin.o
                0x00000000200000e0                . = ALIGN (0x4)

.bss            0x00000000200000e0     0x3380 load address 0x0000000008007c14
                0x00000000200000e0                _sbss = .
                0x00000000200000e0                __bss_start__ = _sbss
 *(.bss)
 .bss           0x00000000200000e0       0x1c c:/st/stm32cubeide_1.12.0/stm32cubeide/plugins/com.st.stm32cube.ide.mcu.externaltools.gnu-tools-for-stm32.10.3-2021.10.win32_1.0.200.202301161003/tools/bin/../lib/gcc/arm-none-eabi/10.3.1/thumb/v7e-m+fp/hard/crtbegin.o
 *(.bss*)
 .bss.xHigherPriorityTaskWoken
                0x00000000200000fc        0x4 ./Application/User/Core/app_freertos.o
                0x00000000200000fc                xHigherPriorityTaskWoken
 .bss.defaultTaskHandle
                0x0000000020000100        0x4 ./Application/User/Core/app_freertos.o
                0x0000000020000100                defaultTaskHandle
 .bss._vRecieverLD2Handle
                0x0000000020000104        0x4 ./Application/User/Core/app_freertos.o
                0x0000000020000104                _vRecieverLD2Handle
 .bss._vReceiverYELLOWHandle
                0x0000000020000108        0x4 ./Application/User/Core/app_freertos.o
                0x0000000020000108                _vReceiverYELLOWHandle
 .bss.myQueue01Handle
                0x000000002000010c        0x4 ./Application/User/Core/app_freertos.o
                0x000000002000010c                myQueue01Handle
 .bss.myTimer01Handle
                0x0000000020000110        0x4 ./Application/User/Core/app_freertos.o
                0x0000000020000110                myTimer01Handle
 .bss.hiwdg     0x0000000020000114       0x10 ./Application/User/Core/iwdg.o
                0x0000000020000114                hiwdg
 .bss.htim17    0x0000000020000124       0x4c ./Application/User/Core/stm32g4xx_hal_timebase_tim.o
                0x0000000020000124                htim17
 .bss.__sbrk_heap_end
                0x0000000020000170        0x4 ./Application/User/Core/sysmem.o
 .bss.huart3    0x0000000020000174       0x90 ./Application/User/Core/usart.o
                0x0000000020000174                huart3
 .bss.uwTick    0x0000000020000204        0x4 ./Drivers/STM32G4xx_HAL_Driver/stm32g4xx_hal.o
                0x0000000020000204                uwTick
 .bss.KernelState
                0x0000000020000208        0x4 ./Middlewares/FreeRTOS/cmsis_os2.o
 .bss.Idle_TCB.3
                0x000000002000020c       0xd4 ./Middlewares/FreeRTOS/cmsis_os2.o
 .bss.Idle_Stack.2
                0x00000000200002e0      0x200 ./Middlewares/FreeRTOS/cmsis_os2.o
 .bss.Timer_TCB.1
                0x00000000200004e0       0xd4 ./Middlewares/FreeRTOS/cmsis_os2.o
 .bss.Timer_Stack.0
                0x00000000200005b4      0x400 ./Middlewares/FreeRTOS/cmsis_os2.o
 .bss.ucHeap    0x00000000200009b4     0x2400 ./Middlewares/FreeRTOS/heap_4.o
 .bss.xStart    0x0000000020002db4        0x8 ./Middlewares/FreeRTOS/heap_4.o
 .bss.pxEnd     0x0000000020002dbc        0x4 ./Middlewares/FreeRTOS/heap_4.o
 .bss.xFreeBytesRemaining
                0x0000000020002dc0        0x4 ./Middlewares/FreeRTOS/heap_4.o
 .bss.xMinimumEverFreeBytesRemaining
                0x0000000020002dc4        0x4 ./Middlewares/FreeRTOS/heap_4.o
 .bss.xNumberOfSuccessfulAllocations
                0x0000000020002dc8        0x4 ./Middlewares/FreeRTOS/heap_4.o
 .bss.xNumberOfSuccessfulFrees
                0x0000000020002dcc        0x4 ./Middlewares/FreeRTOS/heap_4.o
 .bss.xBlockAllocatedBit
                0x0000000020002dd0        0x4 ./Middlewares/FreeRTOS/heap_4.o
 .bss.ucMaxSysCallPriority
                0x0000000020002dd4        0x1 ./Middlewares/FreeRTOS/port.o
 *fill*         0x0000000020002dd5        0x3 
 .bss.ulMaxPRIGROUPValue
                0x0000000020002dd8        0x4 ./Middlewares/FreeRTOS/port.o
 .bss.xQueueRegistry
                0x0000000020002ddc       0x40 ./Middlewares/FreeRTOS/queue.o
                0x0000000020002ddc                xQueueRegistry
 .bss.pxCurrentTCB
                0x0000000020002e1c        0x4 ./Middlewares/FreeRTOS/tasks.o
                0x0000000020002e1c                pxCurrentTCB
 .bss.pxReadyTasksLists
                0x0000000020002e20      0x460 ./Middlewares/FreeRTOS/tasks.o
 .bss.xDelayedTaskList1
                0x0000000020003280       0x14 ./Middlewares/FreeRTOS/tasks.o
 .bss.xDelayedTaskList2
                0x0000000020003294       0x14 ./Middlewares/FreeRTOS/tasks.o
 .bss.pxDelayedTaskList
                0x00000000200032a8        0x4 ./Middlewares/FreeRTOS/tasks.o
 .bss.pxOverflowDelayedTaskList
                0x00000000200032ac        0x4 ./Middlewares/FreeRTOS/tasks.o
 .bss.xPendingReadyList
                0x00000000200032b0       0x14 ./Middlewares/FreeRTOS/tasks.o
 .bss.xTasksWaitingTermination
                0x00000000200032c4       0x14 ./Middlewares/FreeRTOS/tasks.o
 .bss.uxDeletedTasksWaitingCleanUp
                0x00000000200032d8        0x4 ./Middlewares/FreeRTOS/tasks.o
 .bss.xSuspendedTaskList
                0x00000000200032dc       0x14 ./Middlewares/FreeRTOS/tasks.o
 .bss.uxCurrentNumberOfTasks
                0x00000000200032f0        0x4 ./Middlewares/FreeRTOS/tasks.o
 .bss.xTickCount
                0x00000000200032f4        0x4 ./Middlewares/FreeRTOS/tasks.o
 .bss.uxTopReadyPriority
                0x00000000200032f8        0x4 ./Middlewares/FreeRTOS/tasks.o
 .bss.xSchedulerRunning
                0x00000000200032fc        0x4 ./Middlewares/FreeRTOS/tasks.o
 .bss.xPendedTicks
                0x0000000020003300        0x4 ./Middlewares/FreeRTOS/tasks.o
 .bss.xYieldPending
                0x0000000020003304        0x4 ./Middlewares/FreeRTOS/tasks.o
 .bss.xNumOfOverflows
                0x0000000020003308        0x4 ./Middlewares/FreeRTOS/tasks.o
 .bss.uxTaskNumber
                0x000000002000330c        0x4 ./Middlewares/FreeRTOS/tasks.o
 .bss.xNextTaskUnblockTime
                0x0000000020003310        0x4 ./Middlewares/FreeRTOS/tasks.o
 .bss.xIdleTaskHandle
                0x0000000020003314        0x4 ./Middlewares/FreeRTOS/tasks.o
 .bss.uxSchedulerSuspended
                0x0000000020003318        0x4 ./Middlewares/FreeRTOS/tasks.o
 .bss.ulTaskSwitchedInTime
                0x000000002000331c        0x4 ./Middlewares/FreeRTOS/tasks.o
 .bss.ulTotalRunTime
                0x0000000020003320        0x4 ./Middlewares/FreeRTOS/tasks.o
 .bss.xActiveTimerList1
                0x0000000020003324       0x14 ./Middlewares/FreeRTOS/timers.o
 .bss.xActiveTimerList2
                0x0000000020003338       0x14 ./Middlewares/FreeRTOS/timers.o
 .bss.pxCurrentTimerList
                0x000000002000334c        0x4 ./Middlewares/FreeRTOS/timers.o
 .bss.pxOverflowTimerList
                0x0000000020003350        0x4 ./Middlewares/FreeRTOS/timers.o
 .bss.xTimerQueue
                0x0000000020003354        0x4 ./Middlewares/FreeRTOS/timers.o
 .bss.xTimerTaskHandle
                0x0000000020003358        0x4 ./Middlewares/FreeRTOS/timers.o
 .bss.xLastTime.2
                0x000000002000335c        0x4 ./Middlewares/FreeRTOS/timers.o
 .bss.ucStaticTimerQueueStorage.1
                0x0000000020003360       0xa0 ./Middlewares/FreeRTOS/timers.o
 .bss.xStaticTimerQueue.0
                0x0000000020003400       0x50 ./Middlewares/FreeRTOS/timers.o
 .bss.__lock___malloc_recursive_mutex
                0x0000000020003450        0x1 c:/st/stm32cubeide_1.12.0/stm32cubeide/plugins/com.st.stm32cube.ide.mcu.externaltools.gnu-tools-for-stm32.10.3-2021.10.win32_1.0.200.202301161003/tools/bin/../lib/gcc/arm-none-eabi/10.3.1/../../../../arm-none-eabi/lib/thumb/v7e-m+fp/hard\libc_nano.a(lib_a-lock.o)
                0x0000000020003450                __lock___malloc_recursive_mutex
 *fill*         0x0000000020003451        0x3 
 .bss.__malloc_free_list
                0x0000000020003454        0x4 c:/st/stm32cubeide_1.12.0/stm32cubeide/plugins/com.st.stm32cube.ide.mcu.externaltools.gnu-tools-for-stm32.10.3-2021.10.win32_1.0.200.202301161003/tools/bin/../lib/gcc/arm-none-eabi/10.3.1/../../../../arm-none-eabi/lib/thumb/v7e-m+fp/hard\libc_nano.a(lib_a-nano-mallocr.o)
                0x0000000020003454                __malloc_free_list
 .bss.__malloc_sbrk_start
                0x0000000020003458        0x4 c:/st/stm32cubeide_1.12.0/stm32cubeide/plugins/com.st.stm32cube.ide.mcu.externaltools.gnu-tools-for-stm32.10.3-2021.10.win32_1.0.200.202301161003/tools/bin/../lib/gcc/arm-none-eabi/10.3.1/../../../../arm-none-eabi/lib/thumb/v7e-m+fp/hard\libc_nano.a(lib_a-nano-mallocr.o)
                0x0000000020003458                __malloc_sbrk_start
 .bss.errno     0x000000002000345c        0x4 c:/st/stm32cubeide_1.12.0/stm32cubeide/plugins/com.st.stm32cube.ide.mcu.externaltools.gnu-tools-for-stm32.10.3-2021.10.win32_1.0.200.202301161003/tools/bin/../lib/gcc/arm-none-eabi/10.3.1/../../../../arm-none-eabi/lib/thumb/v7e-m+fp/hard\libc_nano.a(lib_a-reent.o)
                0x000000002000345c                errno
 *(COMMON)
                0x0000000020003460                . = ALIGN (0x4)
                0x0000000020003460                _ebss = .
                0x0000000020003460                __bss_end__ = _ebss

._user_heap_stack
                0x0000000020003460      0x600 load address 0x0000000008007c14
                0x0000000020003460                . = ALIGN (0x8)
                [!provide]                        PROVIDE (end = .)
                0x0000000020003460                PROVIDE (_end = .)
                0x0000000020003660                . = (. + _Min_Heap_Size)
 *fill*         0x0000000020003460      0x200 
                0x0000000020003a60                . = (. + _Min_Stack_Size)
 *fill*         0x0000000020003660      0x400 
                0x0000000020003a60                . = ALIGN (0x8)

/DISCARD/
 libc.a(*)
 libm.a(*)
 libgcc.a(*)

.ARM.attributes
                0x0000000000000000       0x30
 *(.ARM.attributes)
 .ARM.attributes
                0x0000000000000000       0x1e c:/st/stm32cubeide_1.12.0/stm32cubeide/plugins/com.st.stm32cube.ide.mcu.externaltools.gnu-tools-for-stm32.10.3-2021.10.win32_1.0.200.202301161003/tools/bin/../lib/gcc/arm-none-eabi/10.3.1/thumb/v7e-m+fp/hard/crti.o
 .ARM.attributes
                0x000000000000001e       0x34 c:/st/stm32cubeide_1.12.0/stm32cubeide/plugins/com.st.stm32cube.ide.mcu.externaltools.gnu-tools-for-stm32.10.3-2021.10.win32_1.0.200.202301161003/tools/bin/../lib/gcc/arm-none-eabi/10.3.1/thumb/v7e-m+fp/hard/crtbegin.o
 .ARM.attributes
                0x0000000000000052       0x34 ./Application/User/Core/app_freertos.o
 .ARM.attributes
                0x0000000000000086       0x34 ./Application/User/Core/gpio.o
 .ARM.attributes
                0x00000000000000ba       0x34 ./Application/User/Core/iwdg.o
 .ARM.attributes
                0x00000000000000ee       0x34 ./Application/User/Core/main.o
 .ARM.attributes
                0x0000000000000122       0x34 ./Application/User/Core/stm32g4xx_hal_msp.o
 .ARM.attributes
                0x0000000000000156       0x34 ./Application/User/Core/stm32g4xx_hal_timebase_tim.o
 .ARM.attributes
                0x000000000000018a       0x34 ./Application/User/Core/stm32g4xx_it.o
 .ARM.attributes
                0x00000000000001be       0x34 ./Application/User/Core/sysmem.o
 .ARM.attributes
                0x00000000000001f2       0x34 ./Application/User/Core/usart.o
 .ARM.attributes
                0x0000000000000226       0x21 ./Application/User/Startup/startup_stm32g474retx.o
 .ARM.attributes
                0x0000000000000247       0x34 ./Drivers/CMSIS/system_stm32g4xx.o
 .ARM.attributes
                0x000000000000027b       0x34 ./Drivers/STM32G4xx_HAL_Driver/stm32g4xx_hal.o
 .ARM.attributes
                0x00000000000002af       0x34 ./Drivers/STM32G4xx_HAL_Driver/stm32g4xx_hal_cortex.o
 .ARM.attributes
                0x00000000000002e3       0x34 ./Drivers/STM32G4xx_HAL_Driver/stm32g4xx_hal_gpio.o
 .ARM.attributes
                0x0000000000000317       0x34 ./Drivers/STM32G4xx_HAL_Driver/stm32g4xx_hal_iwdg.o
 .ARM.attributes
                0x000000000000034b       0x34 ./Drivers/STM32G4xx_HAL_Driver/stm32g4xx_hal_pwr_ex.o
 .ARM.attributes
                0x000000000000037f       0x34 ./Drivers/STM32G4xx_HAL_Driver/stm32g4xx_hal_rcc.o
 .ARM.attributes
                0x00000000000003b3       0x34 ./Drivers/STM32G4xx_HAL_Driver/stm32g4xx_hal_rcc_ex.o
 .ARM.attributes
                0x00000000000003e7       0x34 ./Drivers/STM32G4xx_HAL_Driver/stm32g4xx_hal_tim.o
 .ARM.attributes
                0x000000000000041b       0x34 ./Drivers/STM32G4xx_HAL_Driver/stm32g4xx_hal_tim_ex.o
 .ARM.attributes
                0x000000000000044f       0x34 ./Drivers/STM32G4xx_HAL_Driver/stm32g4xx_hal_uart.o
 .ARM.attributes
                0x0000000000000483       0x34 ./Drivers/STM32G4xx_HAL_Driver/stm32g4xx_hal_uart_ex.o
 .ARM.attributes
                0x00000000000004b7       0x34 ./Middlewares/FreeRTOS/cmsis_os2.o
 .ARM.attributes
                0x00000000000004eb       0x34 ./Middlewares/FreeRTOS/heap_4.o
 .ARM.attributes
                0x000000000000051f       0x34 ./Middlewares/FreeRTOS/list.o
 .ARM.attributes
                0x0000000000000553       0x34 ./Middlewares/FreeRTOS/port.o
 .ARM.attributes
                0x0000000000000587       0x34 ./Middlewares/FreeRTOS/queue.o
 .ARM.attributes
                0x00000000000005bb       0x34 ./Middlewares/FreeRTOS/tasks.o
 .ARM.attributes
                0x00000000000005ef       0x34 ./Middlewares/FreeRTOS/timers.o
 .ARM.attributes
                0x0000000000000623       0x34 c:/st/stm32cubeide_1.12.0/stm32cubeide/plugins/com.st.stm32cube.ide.mcu.externaltools.gnu-tools-for-stm32.10.3-2021.10.win32_1.0.200.202301161003/tools/bin/../lib/gcc/arm-none-eabi/10.3.1/../../../../arm-none-eabi/lib/thumb/v7e-m+fp/hard\libc_nano.a(lib_a-errno.o)
 .ARM.attributes
                0x0000000000000657       0x34 c:/st/stm32cubeide_1.12.0/stm32cubeide/plugins/com.st.stm32cube.ide.mcu.externaltools.gnu-tools-for-stm32.10.3-2021.10.win32_1.0.200.202301161003/tools/bin/../lib/gcc/arm-none-eabi/10.3.1/../../../../arm-none-eabi/lib/thumb/v7e-m+fp/hard\libc_nano.a(lib_a-findfp.o)
 .ARM.attributes
                0x000000000000068b       0x34 c:/st/stm32cubeide_1.12.0/stm32cubeide/plugins/com.st.stm32cube.ide.mcu.externaltools.gnu-tools-for-stm32.10.3-2021.10.win32_1.0.200.202301161003/tools/bin/../lib/gcc/arm-none-eabi/10.3.1/../../../../arm-none-eabi/lib/thumb/v7e-m+fp/hard\libc_nano.a(lib_a-impure.o)
 .ARM.attributes
                0x00000000000006bf       0x34 c:/st/stm32cubeide_1.12.0/stm32cubeide/plugins/com.st.stm32cube.ide.mcu.externaltools.gnu-tools-for-stm32.10.3-2021.10.win32_1.0.200.202301161003/tools/bin/../lib/gcc/arm-none-eabi/10.3.1/../../../../arm-none-eabi/lib/thumb/v7e-m+fp/hard\libc_nano.a(lib_a-init.o)
 .ARM.attributes
                0x00000000000006f3       0x34 c:/st/stm32cubeide_1.12.0/stm32cubeide/plugins/com.st.stm32cube.ide.mcu.externaltools.gnu-tools-for-stm32.10.3-2021.10.win32_1.0.200.202301161003/tools/bin/../lib/gcc/arm-none-eabi/10.3.1/../../../../arm-none-eabi/lib/thumb/v7e-m+fp/hard\libc_nano.a(lib_a-lock.o)
 .ARM.attributes
                0x0000000000000727       0x34 c:/st/stm32cubeide_1.12.0/stm32cubeide/plugins/com.st.stm32cube.ide.mcu.externaltools.gnu-tools-for-stm32.10.3-2021.10.win32_1.0.200.202301161003/tools/bin/../lib/gcc/arm-none-eabi/10.3.1/../../../../arm-none-eabi/lib/thumb/v7e-m+fp/hard\libc_nano.a(lib_a-memcpy-stub.o)
 .ARM.attributes
                0x000000000000075b       0x34 c:/st/stm32cubeide_1.12.0/stm32cubeide/plugins/com.st.stm32cube.ide.mcu.externaltools.gnu-tools-for-stm32.10.3-2021.10.win32_1.0.200.202301161003/tools/bin/../lib/gcc/arm-none-eabi/10.3.1/../../../../arm-none-eabi/lib/thumb/v7e-m+fp/hard\libc_nano.a(lib_a-memset.o)
 .ARM.attributes
                0x000000000000078f       0x34 c:/st/stm32cubeide_1.12.0/stm32cubeide/plugins/com.st.stm32cube.ide.mcu.externaltools.gnu-tools-for-stm32.10.3-2021.10.win32_1.0.200.202301161003/tools/bin/../lib/gcc/arm-none-eabi/10.3.1/../../../../arm-none-eabi/lib/thumb/v7e-m+fp/hard\libc_nano.a(lib_a-nano-mallocr.o)
 .ARM.attributes
                0x00000000000007c3       0x34 c:/st/stm32cubeide_1.12.0/stm32cubeide/plugins/com.st.stm32cube.ide.mcu.externaltools.gnu-tools-for-stm32.10.3-2021.10.win32_1.0.200.202301161003/tools/bin/../lib/gcc/arm-none-eabi/10.3.1/../../../../arm-none-eabi/lib/thumb/v7e-m+fp/hard\libc_nano.a(lib_a-reent.o)
 .ARM.attributes
                0x00000000000007f7       0x34 c:/st/stm32cubeide_1.12.0/stm32cubeide/plugins/com.st.stm32cube.ide.mcu.externaltools.gnu-tools-for-stm32.10.3-2021.10.win32_1.0.200.202301161003/tools/bin/../lib/gcc/arm-none-eabi/10.3.1/../../../../arm-none-eabi/lib/thumb/v7e-m+fp/hard\libc_nano.a(lib_a-sbrkr.o)
 .ARM.attributes
                0x000000000000082b       0x34 c:/st/stm32cubeide_1.12.0/stm32cubeide/plugins/com.st.stm32cube.ide.mcu.externaltools.gnu-tools-for-stm32.10.3-2021.10.win32_1.0.200.202301161003/tools/bin/../lib/gcc/arm-none-eabi/10.3.1/../../../../arm-none-eabi/lib/thumb/v7e-m+fp/hard\libc_nano.a(lib_a-snprintf.o)
 .ARM.attributes
                0x000000000000085f       0x34 c:/st/stm32cubeide_1.12.0/stm32cubeide/plugins/com.st.stm32cube.ide.mcu.externaltools.gnu-tools-for-stm32.10.3-2021.10.win32_1.0.200.202301161003/tools/bin/../lib/gcc/arm-none-eabi/10.3.1/../../../../arm-none-eabi/lib/thumb/v7e-m+fp/hard\libc_nano.a(lib_a-sprintf.o)
 .ARM.attributes
                0x0000000000000893       0x34 c:/st/stm32cubeide_1.12.0/stm32cubeide/plugins/com.st.stm32cube.ide.mcu.externaltools.gnu-tools-for-stm32.10.3-2021.10.win32_1.0.200.202301161003/tools/bin/../lib/gcc/arm-none-eabi/10.3.1/../../../../arm-none-eabi/lib/thumb/v7e-m+fp/hard\libc_nano.a(lib_a-strcpy.o)
 .ARM.attributes
                0x00000000000008c7       0x17 c:/st/stm32cubeide_1.12.0/stm32cubeide/plugins/com.st.stm32cube.ide.mcu.externaltools.gnu-tools-for-stm32.10.3-2021.10.win32_1.0.200.202301161003/tools/bin/../lib/gcc/arm-none-eabi/10.3.1/../../../../arm-none-eabi/lib/thumb/v7e-m+fp/hard\libc_nano.a(lib_a-strlen.o)
 .ARM.attributes
                0x00000000000008de       0x34 c:/st/stm32cubeide_1.12.0/stm32cubeide/plugins/com.st.stm32cube.ide.mcu.externaltools.gnu-tools-for-stm32.10.3-2021.10.win32_1.0.200.202301161003/tools/bin/../lib/gcc/arm-none-eabi/10.3.1/../../../../arm-none-eabi/lib/thumb/v7e-m+fp/hard\libc_nano.a(lib_a-mlock.o)
 .ARM.attributes
                0x0000000000000912       0x34 c:/st/stm32cubeide_1.12.0/stm32cubeide/plugins/com.st.stm32cube.ide.mcu.externaltools.gnu-tools-for-stm32.10.3-2021.10.win32_1.0.200.202301161003/tools/bin/../lib/gcc/arm-none-eabi/10.3.1/../../../../arm-none-eabi/lib/thumb/v7e-m+fp/hard\libc_nano.a(lib_a-nano-freer.o)
 .ARM.attributes
                0x0000000000000946       0x34 c:/st/stm32cubeide_1.12.0/stm32cubeide/plugins/com.st.stm32cube.ide.mcu.externaltools.gnu-tools-for-stm32.10.3-2021.10.win32_1.0.200.202301161003/tools/bin/../lib/gcc/arm-none-eabi/10.3.1/../../../../arm-none-eabi/lib/thumb/v7e-m+fp/hard\libc_nano.a(lib_a-nano-svfprintf.o)
 .ARM.attributes
                0x000000000000097a       0x34 c:/st/stm32cubeide_1.12.0/stm32cubeide/plugins/com.st.stm32cube.ide.mcu.externaltools.gnu-tools-for-stm32.10.3-2021.10.win32_1.0.200.202301161003/tools/bin/../lib/gcc/arm-none-eabi/10.3.1/../../../../arm-none-eabi/lib/thumb/v7e-m+fp/hard\libc_nano.a(lib_a-nano-vfprintf_i.o)
 .ARM.attributes
                0x00000000000009ae       0x1c c:/st/stm32cubeide_1.12.0/stm32cubeide/plugins/com.st.stm32cube.ide.mcu.externaltools.gnu-tools-for-stm32.10.3-2021.10.win32_1.0.200.202301161003/tools/bin/../lib/gcc/arm-none-eabi/10.3.1/../../../../arm-none-eabi/lib/thumb/v7e-m+fp/hard\libc_nano.a(lib_a-memchr.o)
 .ARM.attributes
                0x00000000000009ca       0x34 c:/st/stm32cubeide_1.12.0/stm32cubeide/plugins/com.st.stm32cube.ide.mcu.externaltools.gnu-tools-for-stm32.10.3-2021.10.win32_1.0.200.202301161003/tools/bin/../lib/gcc/arm-none-eabi/10.3.1/../../../../arm-none-eabi/lib/thumb/v7e-m+fp/hard\libc_nano.a(lib_a-memmove.o)
 .ARM.attributes
                0x00000000000009fe       0x34 c:/st/stm32cubeide_1.12.0/stm32cubeide/plugins/com.st.stm32cube.ide.mcu.externaltools.gnu-tools-for-stm32.10.3-2021.10.win32_1.0.200.202301161003/tools/bin/../lib/gcc/arm-none-eabi/10.3.1/../../../../arm-none-eabi/lib/thumb/v7e-m+fp/hard\libc_nano.a(lib_a-nano-reallocr.o)
 .ARM.attributes
                0x0000000000000a32       0x34 c:/st/stm32cubeide_1.12.0/stm32cubeide/plugins/com.st.stm32cube.ide.mcu.externaltools.gnu-tools-for-stm32.10.3-2021.10.win32_1.0.200.202301161003/tools/bin/../lib/gcc/arm-none-eabi/10.3.1/../../../../arm-none-eabi/lib/thumb/v7e-m+fp/hard\libc_nano.a(lib_a-nano-msizer.o)
 .ARM.attributes
                0x0000000000000a66       0x1e c:/st/stm32cubeide_1.12.0/stm32cubeide/plugins/com.st.stm32cube.ide.mcu.externaltools.gnu-tools-for-stm32.10.3-2021.10.win32_1.0.200.202301161003/tools/bin/../lib/gcc/arm-none-eabi/10.3.1/thumb/v7e-m+fp/hard\libgcc.a(_aeabi_uldivmod.o)
 .ARM.attributes
                0x0000000000000a84       0x34 c:/st/stm32cubeide_1.12.0/stm32cubeide/plugins/com.st.stm32cube.ide.mcu.externaltools.gnu-tools-for-stm32.10.3-2021.10.win32_1.0.200.202301161003/tools/bin/../lib/gcc/arm-none-eabi/10.3.1/thumb/v7e-m+fp/hard\libgcc.a(_udivmoddi4.o)
 .ARM.attributes
                0x0000000000000ab8       0x1e c:/st/stm32cubeide_1.12.0/stm32cubeide/plugins/com.st.stm32cube.ide.mcu.externaltools.gnu-tools-for-stm32.10.3-2021.10.win32_1.0.200.202301161003/tools/bin/../lib/gcc/arm-none-eabi/10.3.1/thumb/v7e-m+fp/hard\libgcc.a(_dvmd_tls.o)
 .ARM.attributes
                0x0000000000000ad6       0x1e c:/st/stm32cubeide_1.12.0/stm32cubeide/plugins/com.st.stm32cube.ide.mcu.externaltools.gnu-tools-for-stm32.10.3-2021.10.win32_1.0.200.202301161003/tools/bin/../lib/gcc/arm-none-eabi/10.3.1/thumb/v7e-m+fp/hard/crtn.o
OUTPUT(Rtos_Lesson4.elf elf32-littlearm)
LOAD linker stubs
LOAD c:/st/stm32cubeide_1.12.0/stm32cubeide/plugins/com.st.stm32cube.ide.mcu.externaltools.gnu-tools-for-stm32.10.3-2021.10.win32_1.0.200.202301161003/tools/bin/../lib/gcc/arm-none-eabi/10.3.1/../../../../arm-none-eabi/lib/thumb/v7e-m+fp/hard\libc.a
LOAD c:/st/stm32cubeide_1.12.0/stm32cubeide/plugins/com.st.stm32cube.ide.mcu.externaltools.gnu-tools-for-stm32.10.3-2021.10.win32_1.0.200.202301161003/tools/bin/../lib/gcc/arm-none-eabi/10.3.1/../../../../arm-none-eabi/lib/thumb/v7e-m+fp/hard\libm.a
LOAD c:/st/stm32cubeide_1.12.0/stm32cubeide/plugins/com.st.stm32cube.ide.mcu.externaltools.gnu-tools-for-stm32.10.3-2021.10.win32_1.0.200.202301161003/tools/bin/../lib/gcc/arm-none-eabi/10.3.1/thumb/v7e-m+fp/hard\libgcc.a

.debug_info     0x0000000000000000    0x1f9a8
 .debug_info    0x0000000000000000      0x93c ./Application/User/Core/app_freertos.o
 .debug_info    0x000000000000093c      0x515 ./Application/User/Core/gpio.o
 .debug_info    0x0000000000000e51      0x1e5 ./Application/User/Core/iwdg.o
 .debug_info    0x0000000000001036      0xf78 ./Application/User/Core/main.o
 .debug_info    0x0000000000001fae      0x5f9 ./Application/User/Core/stm32g4xx_hal_msp.o
 .debug_info    0x00000000000025a7      0xec8 ./Application/User/Core/stm32g4xx_hal_timebase_tim.o
 .debug_info    0x000000000000346f      0x889 ./Application/User/Core/stm32g4xx_it.o
 .debug_info    0x0000000000003cf8      0x171 ./Application/User/Core/sysmem.o
 .debug_info    0x0000000000003e69      0xddd ./Application/User/Core/usart.o
 .debug_info    0x0000000000004c46       0x22 ./Application/User/Startup/startup_stm32g474retx.o
 .debug_info    0x0000000000004c68      0x59f ./Drivers/CMSIS/system_stm32g4xx.o
 .debug_info    0x0000000000005207      0xb9d ./Drivers/STM32G4xx_HAL_Driver/stm32g4xx_hal.o
 .debug_info    0x0000000000005da4      0xe7e ./Drivers/STM32G4xx_HAL_Driver/stm32g4xx_hal_cortex.o
 .debug_info    0x0000000000006c22      0x82f ./Drivers/STM32G4xx_HAL_Driver/stm32g4xx_hal_gpio.o
 .debug_info    0x0000000000007451      0x209 ./Drivers/STM32G4xx_HAL_Driver/stm32g4xx_hal_iwdg.o
 .debug_info    0x000000000000765a      0x983 ./Drivers/STM32G4xx_HAL_Driver/stm32g4xx_hal_pwr_ex.o
 .debug_info    0x0000000000007fdd      0xcb7 ./Drivers/STM32G4xx_HAL_Driver/stm32g4xx_hal_rcc.o
 .debug_info    0x0000000000008c94      0xd32 ./Drivers/STM32G4xx_HAL_Driver/stm32g4xx_hal_rcc_ex.o
 .debug_info    0x00000000000099c6     0x2e83 ./Drivers/STM32G4xx_HAL_Driver/stm32g4xx_hal_tim.o
 .debug_info    0x000000000000c849     0x1eea ./Drivers/STM32G4xx_HAL_Driver/stm32g4xx_hal_tim_ex.o
 .debug_info    0x000000000000e733     0x4936 ./Drivers/STM32G4xx_HAL_Driver/stm32g4xx_hal_uart.o
 .debug_info    0x0000000000013069     0x1031 ./Drivers/STM32G4xx_HAL_Driver/stm32g4xx_hal_uart_ex.o
 .debug_info    0x000000000001409a     0x43f0 ./Middlewares/FreeRTOS/cmsis_os2.o
 .debug_info    0x000000000001848a      0x529 ./Middlewares/FreeRTOS/heap_4.o
 .debug_info    0x00000000000189b3      0x2d1 ./Middlewares/FreeRTOS/list.o
 .debug_info    0x0000000000018c84      0x507 ./Middlewares/FreeRTOS/port.o
 .debug_info    0x000000000001918b     0x1cbf ./Middlewares/FreeRTOS/queue.o
 .debug_info    0x000000000001ae4a     0x2eb9 ./Middlewares/FreeRTOS/tasks.o
 .debug_info    0x000000000001dd03     0x1ca5 ./Middlewares/FreeRTOS/timers.o

.debug_abbrev   0x0000000000000000     0x404f
 .debug_abbrev  0x0000000000000000      0x245 ./Application/User/Core/app_freertos.o
 .debug_abbrev  0x0000000000000245      0x146 ./Application/User/Core/gpio.o
 .debug_abbrev  0x000000000000038b      0x135 ./Application/User/Core/iwdg.o
 .debug_abbrev  0x00000000000004c0      0x2ad ./Application/User/Core/main.o
 .debug_abbrev  0x000000000000076d      0x116 ./Application/User/Core/stm32g4xx_hal_msp.o
 .debug_abbrev  0x0000000000000883      0x217 ./Application/User/Core/stm32g4xx_hal_timebase_tim.o
 .debug_abbrev  0x0000000000000a9a      0x1a2 ./Application/User/Core/stm32g4xx_it.o
 .debug_abbrev  0x0000000000000c3c       0xbb ./Application/User/Core/sysmem.o
 .debug_abbrev  0x0000000000000cf7      0x1fe ./Application/User/Core/usart.o
 .debug_abbrev  0x0000000000000ef5       0x12 ./Application/User/Startup/startup_stm32g474retx.o
 .debug_abbrev  0x0000000000000f07      0x116 ./Drivers/CMSIS/system_stm32g4xx.o
 .debug_abbrev  0x000000000000101d      0x269 ./Drivers/STM32G4xx_HAL_Driver/stm32g4xx_hal.o
 .debug_abbrev  0x0000000000001286      0x30d ./Drivers/STM32G4xx_HAL_Driver/stm32g4xx_hal_cortex.o
 .debug_abbrev  0x0000000000001593      0x1bb ./Drivers/STM32G4xx_HAL_Driver/stm32g4xx_hal_gpio.o
 .debug_abbrev  0x000000000000174e      0x14a ./Drivers/STM32G4xx_HAL_Driver/stm32g4xx_hal_iwdg.o
 .debug_abbrev  0x0000000000001898      0x229 ./Drivers/STM32G4xx_HAL_Driver/stm32g4xx_hal_pwr_ex.o
 .debug_abbrev  0x0000000000001ac1      0x2bd ./Drivers/STM32G4xx_HAL_Driver/stm32g4xx_hal_rcc.o
 .debug_abbrev  0x0000000000001d7e      0x247 ./Drivers/STM32G4xx_HAL_Driver/stm32g4xx_hal_rcc_ex.o
 .debug_abbrev  0x0000000000001fc5      0x28e ./Drivers/STM32G4xx_HAL_Driver/stm32g4xx_hal_tim.o
 .debug_abbrev  0x0000000000002253      0x2ab ./Drivers/STM32G4xx_HAL_Driver/stm32g4xx_hal_tim_ex.o
 .debug_abbrev  0x00000000000024fe      0x2f0 ./Drivers/STM32G4xx_HAL_Driver/stm32g4xx_hal_uart.o
 .debug_abbrev  0x00000000000027ee      0x2bd ./Drivers/STM32G4xx_HAL_Driver/stm32g4xx_hal_uart_ex.o